Component: ARM Compiler 5.06 update 5 (build 528) Tool: armlink [4d35e2]

==============================================================================

Section Cross References

    startup_stm32f10x_md.o(RESET) refers to startup_stm32f10x_md.o(STACK) for __initial_sp
    startup_stm32f10x_md.o(RESET) refers to startup_stm32f10x_md.o(.text) for Reset_Handler
    startup_stm32f10x_md.o(RESET) refers to stm32f10x_it.o(i.NMI_Handler) for NMI_Handler
    startup_stm32f10x_md.o(RESET) refers to stm32f10x_it.o(i.HardFault_Handler) for HardFault_Handler
    startup_stm32f10x_md.o(RESET) refers to stm32f10x_it.o(i.MemManage_Handler) for MemManage_Handler
    startup_stm32f10x_md.o(RESET) refers to stm32f10x_it.o(i.BusFault_Handler) for BusFault_Handler
    startup_stm32f10x_md.o(RESET) refers to stm32f10x_it.o(i.UsageFault_Handler) for UsageFault_Handler
    startup_stm32f10x_md.o(RESET) refers to stm32f10x_it.o(i.SVC_Handler) for SVC_Handler
    startup_stm32f10x_md.o(RESET) refers to stm32f10x_it.o(i.DebugMon_Handler) for DebugMon_Handler
    startup_stm32f10x_md.o(RESET) refers to stm32f10x_it.o(i.PendSV_Handler) for PendSV_Handler
    startup_stm32f10x_md.o(RESET) refers to stm32f10x_it.o(i.SysTick_Handler) for SysTick_Handler
    startup_stm32f10x_md.o(RESET) refers to serial.o(i.USART1_IRQHandler) for USART1_IRQHandler
    startup_stm32f10x_md.o(RESET) refers to bluetooth.o(i.USART3_IRQHandler) for USART3_IRQHandler
    startup_stm32f10x_md.o(.text) refers to system_stm32f10x.o(i.SystemInit) for SystemInit
    startup_stm32f10x_md.o(.text) refers to entry.o(.ARM.Collect$$$$00000000) for __main
    system_stm32f10x.o(i.SetSysClock) refers to system_stm32f10x.o(i.SetSysClockTo72) for SetSysClockTo72
    system_stm32f10x.o(i.SystemCoreClockUpdate) refers to system_stm32f10x.o(.data) for SystemCoreClock
    system_stm32f10x.o(i.SystemInit) refers to system_stm32f10x.o(i.SetSysClock) for SetSysClock
    stm32f10x_adc.o(i.ADC_DeInit) refers to stm32f10x_rcc.o(i.RCC_APB2PeriphResetCmd) for RCC_APB2PeriphResetCmd
    stm32f10x_bkp.o(i.BKP_DeInit) refers to stm32f10x_rcc.o(i.RCC_BackupResetCmd) for RCC_BackupResetCmd
    stm32f10x_can.o(i.CAN_DeInit) refers to stm32f10x_rcc.o(i.RCC_APB1PeriphResetCmd) for RCC_APB1PeriphResetCmd
    stm32f10x_can.o(i.CAN_GetITStatus) refers to stm32f10x_can.o(i.CheckITStatus) for CheckITStatus
    stm32f10x_cec.o(i.CEC_DeInit) refers to stm32f10x_rcc.o(i.RCC_APB1PeriphResetCmd) for RCC_APB1PeriphResetCmd
    stm32f10x_dac.o(i.DAC_DeInit) refers to stm32f10x_rcc.o(i.RCC_APB1PeriphResetCmd) for RCC_APB1PeriphResetCmd
    stm32f10x_flash.o(i.FLASH_EnableWriteProtection) refers to stm32f10x_flash.o(i.FLASH_WaitForLastOperation) for FLASH_WaitForLastOperation
    stm32f10x_flash.o(i.FLASH_EraseAllBank1Pages) refers to stm32f10x_flash.o(i.FLASH_WaitForLastBank1Operation) for FLASH_WaitForLastBank1Operation
    stm32f10x_flash.o(i.FLASH_EraseAllPages) refers to stm32f10x_flash.o(i.FLASH_WaitForLastOperation) for FLASH_WaitForLastOperation
    stm32f10x_flash.o(i.FLASH_EraseOptionBytes) refers to stm32f10x_flash.o(i.FLASH_GetReadOutProtectionStatus) for FLASH_GetReadOutProtectionStatus
    stm32f10x_flash.o(i.FLASH_EraseOptionBytes) refers to stm32f10x_flash.o(i.FLASH_WaitForLastOperation) for FLASH_WaitForLastOperation
    stm32f10x_flash.o(i.FLASH_ErasePage) refers to stm32f10x_flash.o(i.FLASH_WaitForLastOperation) for FLASH_WaitForLastOperation
    stm32f10x_flash.o(i.FLASH_ProgramHalfWord) refers to stm32f10x_flash.o(i.FLASH_WaitForLastOperation) for FLASH_WaitForLastOperation
    stm32f10x_flash.o(i.FLASH_ProgramOptionByteData) refers to stm32f10x_flash.o(i.FLASH_WaitForLastOperation) for FLASH_WaitForLastOperation
    stm32f10x_flash.o(i.FLASH_ProgramWord) refers to stm32f10x_flash.o(i.FLASH_WaitForLastOperation) for FLASH_WaitForLastOperation
    stm32f10x_flash.o(i.FLASH_ReadOutProtection) refers to stm32f10x_flash.o(i.FLASH_WaitForLastOperation) for FLASH_WaitForLastOperation
    stm32f10x_flash.o(i.FLASH_UserOptionByteConfig) refers to stm32f10x_flash.o(i.FLASH_WaitForLastOperation) for FLASH_WaitForLastOperation
    stm32f10x_flash.o(i.FLASH_WaitForLastBank1Operation) refers to stm32f10x_flash.o(i.FLASH_GetBank1Status) for FLASH_GetBank1Status
    stm32f10x_flash.o(i.FLASH_WaitForLastOperation) refers to stm32f10x_flash.o(i.FLASH_GetBank1Status) for FLASH_GetBank1Status
    stm32f10x_gpio.o(i.GPIO_AFIODeInit) refers to stm32f10x_rcc.o(i.RCC_APB2PeriphResetCmd) for RCC_APB2PeriphResetCmd
    stm32f10x_gpio.o(i.GPIO_DeInit) refers to stm32f10x_rcc.o(i.RCC_APB2PeriphResetCmd) for RCC_APB2PeriphResetCmd
    stm32f10x_i2c.o(i.I2C_DeInit) refers to stm32f10x_rcc.o(i.RCC_APB1PeriphResetCmd) for RCC_APB1PeriphResetCmd
    stm32f10x_i2c.o(i.I2C_Init) refers to stm32f10x_rcc.o(i.RCC_GetClocksFreq) for RCC_GetClocksFreq
    stm32f10x_pwr.o(i.PWR_DeInit) refers to stm32f10x_rcc.o(i.RCC_APB1PeriphResetCmd) for RCC_APB1PeriphResetCmd
[...]
    i.Verify_Time                            0x080059d4   Section        0  bluetooth.o(i.Verify_Time)
    i.Verify_UUID                            0x08005a00   Section        0  bluetooth.o(i.Verify_UUID)
    i.__0snprintf                            0x08005a1c   Section        0  printfa.o(i.__0snprintf)
    i.__0sprintf                             0x08005a4c   Section        0  printfa.o(i.__0sprintf)
    i.__aeabi_errno_addr                     0x08005a74   Section        0  errno.o(i.__aeabi_errno_addr)
    i.__free$realloc                         0x08005a7c   Section        0  mallocr.o(i.__free$realloc)
    i.__malloc$realloc                       0x08005ad8   Section        0  mallocr.o(i.__malloc$realloc)
    i.__scatterload_copy                     0x08005b28   Section       14  handlers.o(i.__scatterload_copy)
    i.__scatterload_null                     0x08005b36   Section        2  handlers.o(i.__scatterload_null)
    i.__scatterload_zeroinit                 0x08005b38   Section       14  handlers.o(i.__scatterload_zeroinit)
    i._fp_digits                             0x08005b48   Section        0  printfa.o(i._fp_digits)
    _fp_digits                               0x08005b49   Thumb Code   366  printfa.o(i._fp_digits)
    i._is_digit                              0x08005ccc   Section        0  scanf_fp.o(i._is_digit)
    i._printf_core                           0x08005cdc   Section        0  printfa.o(i._printf_core)
    _printf_core                             0x08005cdd   Thumb Code  1744  printfa.o(i._printf_core)
    i._printf_post_padding                   0x080063b8   Section        0  printfa.o(i._printf_post_padding)
    _printf_post_padding                     0x080063b9   Thumb Code    36  printfa.o(i._printf_post_padding)
    i._printf_pre_padding                    0x080063dc   Section        0  printfa.o(i._printf_pre_padding)
    _printf_pre_padding                      0x080063dd   Thumb Code    46  printfa.o(i._printf_pre_padding)
    i._snputc                                0x0800640a   Section        0  printfa.o(i._snputc)
    _snputc                                  0x0800640b   Thumb Code    22  printfa.o(i._snputc)
    i._sputc                                 0x08006420   Section        0  printfa.o(i._sputc)
    _sputc                                   0x08006421   Thumb Code    10  printfa.o(i._sputc)
    i.add_item_to_array                      0x0800642a   Section        0  cjson.o(i.add_item_to_array)
    add_item_to_array                        0x0800642b   Thumb Code    54  cjson.o(i.add_item_to_array)
    i.add_item_to_object                     0x08006460   Section        0  cjson.o(i.add_item_to_object)
    add_item_to_object                       0x08006461   Thumb Code   122  cjson.o(i.add_item_to_object)
    i.beep                                   0x080064da   Section        0  beep.o(i.beep)
    i.beep_Init                              0x08006508   Section        0  beep.o(i.beep_Init)
    i.beep_lock                              0x08006534   Section        0  beep.o(i.beep_lock)
    i.beep_off                               0x08006574   Section        0  beep.o(i.beep_off)
    i.beep_on                                0x08006584   Section        0  beep.o(i.beep_on)
    i.beep_unlock                            0x08006594   Section        0  beep.o(i.beep_unlock)
    i.buffer_skip_whitespace                 0x080065d4   Section        0  cjson.o(i.buffer_skip_whitespace)
    buffer_skip_whitespace                   0x080065d5   Thumb Code    72  cjson.o(i.buffer_skip_whitespace)
    i.cJSON_AddStringToObject                0x0800661c   Section        0  cjson.o(i.cJSON_AddStringToObject)
    i.cJSON_CreateObject                     0x08006650   Section        0  cjson.o(i.cJSON_CreateObject)
    i.cJSON_CreateString                     0x08006668   Section        0  cjson.o(i.cJSON_CreateString)
    i.cJSON_Delete                           0x0800669c   Section        0  cjson.o(i.cJSON_Delete)
    i.cJSON_GetErrorPtr                      0x080066fc   Section        0  cjson.o(i.cJSON_GetErrorPtr)
    i.cJSON_GetObjectItem                    0x0800670c   Section        0  cjson.o(i.cJSON_GetObjectItem)
    i.cJSON_IsString                         0x0800671e   Section        0  cjson.o(i.cJSON_IsString)
    i.cJSON_New_Item                         0x08006734   Section        0  cjson.o(i.cJSON_New_Item)
    cJSON_New_Item                           0x08006735   Thumb Code    26  cjson.o(i.cJSON_New_Item)
    i.cJSON_Parse                            0x0800674e   Section        0  cjson.o(i.cJSON_Parse)
    i.cJSON_ParseWithLengthOpts              0x08006760   Section        0  cjson.o(i.cJSON_ParseWithLengthOpts)
    i.cJSON_ParseWithOpts                    0x08006834   Section        0  cjson.o(i.cJSON_ParseWithOpts)
    i.cJSON_Print                            0x0800685c   Section        0  cjson.o(i.cJSON_Print)
    i.cJSON_ReplaceItemInObject              0x08006870   Section        0  cjson.o(i.cJSON_ReplaceItemInObject)
    i.cJSON_ReplaceItemViaPointer            0x08006886   Section        0  cjson.o(i.cJSON_ReplaceItemViaPointer)
    i.cJSON_free                             0x080068ec   Section        0  cjson.o(i.cJSON_free)
    i.cJSON_strdup                           0x08006900   Section        0  cjson.o(i.cJSON_strdup)
    cJSON_strdup                             0x08006901   Thumb Code    56  cjson.o(i.cJSON_strdup)
    i.case_insensitive_strcmp                0x08006938   Section        0  cjson.o(i.case_insensitive_strcmp)
    case_insensitive_strcmp                  0x08006939   Thumb Code    72  cjson.o(i.case_insensitive_strcmp)
    i.cast_away_const                        0x08006980   Section        0  cjson.o(i.cast_away_const)
    cast_away_const                          0x08006981   Thumb Code     2  cjson.o(i.cast_away_const)
    i.changeDeviceName                       0x08006984   Section        0  battery.o(i.changeDeviceName)
    i.checkBatteryCommand                    0x08006a30   Section        0  battery.o(i.checkBatteryCommand)
    i.compare_double                         0x08006a70   Section        0  cjson.o(i.compare_double)
    compare_double                           0x08006a71   Thumb Code   112  cjson.o(i.compare_double)
    i.ensure                                 0x08006ae4   Section        0  cjson.o(i.ensure)
    ensure                                   0x08006ae5   Thumb Code   184  cjson.o(i.ensure)
    i.get_decimal_point                      0x08006b9c   Section        0  cjson.o(i.get_decimal_point)
    get_decimal_point                        0x08006b9d   Thumb Code     4  cjson.o(i.get_decimal_point)
    i.get_object_item                        0x08006ba0   Section        0  cjson.o(i.get_object_item)
    get_object_item                          0x08006ba1   Thumb Code    82  cjson.o(i.get_object_item)
    i.internal_alloc                         0x08006bf4   Section        0  mallocr.o(i.internal_alloc)
    internal_alloc                           0x08006bf5   Thumb Code    76  mallocr.o(i.internal_alloc)
    i.main                                   0x08006c44   Section        0  main.o(i.main)
    i.parse_ALLJSON                          0x08006e50   Section        0  bluetooth.o(i.parse_ALLJSON)
    i.parse_FLASHJSON                        0x08006f78   Section        0  flash.o(i.parse_FLASHJSON)
    i.parse_array                            0x080070b8   Section        0  cjson.o(i.parse_array)
    parse_array                              0x080070b9   Thumb Code   248  cjson.o(i.parse_array)
    i.parse_hex4                             0x080071b0   Section        0  cjson.o(i.parse_hex4)
    parse_hex4                               0x080071b1   Thumb Code    90  cjson.o(i.parse_hex4)
    i.parse_number                           0x0800720c   Section        0  cjson.o(i.parse_number)
    parse_number                             0x0800720d   Thumb Code   298  cjson.o(i.parse_number)
    i.parse_object                           0x08007344   Section        0  cjson.o(i.parse_object)
    parse_object                             0x08007345   Thumb Code   332  cjson.o(i.parse_object)
    i.parse_string                           0x08007490   Section        0  cjson.o(i.parse_string)
    parse_string                             0x08007491   Thumb Code   398  cjson.o(i.parse_string)
    i.parse_value                            0x08007620   Section        0  cjson.o(i.parse_value)
    parse_value                              0x08007621   Thumb Code   290  cjson.o(i.parse_value)
    i.print                                  0x0800775c   Section        0  cjson.o(i.print)
    print                                    0x0800775d   Thumb Code   188  cjson.o(i.print)
    i.print_array                            0x08007818   Section        0  cjson.o(i.print_array)
    print_array                              0x08007819   Thumb Code   178  cjson.o(i.print_array)
    i.print_number                           0x080078cc   Section        0  cjson.o(i.print_number)
    print_number                             0x080078cd   Thumb Code   304  cjson.o(i.print_number)
    i.print_object                           0x08007a20   Section        0  cjson.o(i.print_object)
    print_object                             0x08007a21   Thumb Code   372  cjson.o(i.print_object)
    i.print_string                           0x08007b94   Section        0  cjson.o(i.print_string)
    print_string                             0x08007b95   Thumb Code    16  cjson.o(i.print_string)
    i.print_string_ptr                       0x08007ba4   Section        0  cjson.o(i.print_string_ptr)
    print_string_ptr                         0x08007ba5   Thumb Code   360  cjson.o(i.print_string_ptr)
    i.print_value                            0x08007d18   Section        0  cjson.o(i.print_value)
    print_value                              0x08007d19   Thumb Code   236  cjson.o(i.print_value)
    i.read_Flash                             0x08007e1c   Section        0  flash.o(i.read_Flash)
    i.realloc                                0x08007e24   Section        0  mallocr.o(i.realloc)
    i.replace_item_in_object                 0x08007e90   Section        0  cjson.o(i.replace_item_in_object)
    replace_item_in_object                   0x08007e91   Thumb Code    90  cjson.o(i.replace_item_in_object)
    i.sendBatteryLockState                   0x08007ef0   Section        0  battery.o(i.sendBatteryLockState)
    i.skip_utf8_bom                          0x08007f34   Section        0  cjson.o(i.skip_utf8_bom)
    skip_utf8_bom                            0x08007f35   Thumb Code    56  cjson.o(i.skip_utf8_bom)
    i.strtod                                 0x08007f70   Section        0  strtod.o(i.strtod)
    i.suffix_object                          0x08007f8c   Section        0  cjson.o(i.suffix_object)
    suffix_object                            0x08007f8d   Thumb Code     6  cjson.o(i.suffix_object)
    i.unLockBikeCommand1                     0x08007f92   Section        0  controller.o(i.unLockBikeCommand1)
    i.unLockBikeCommand2                     0x08007fc2   Section        0  controller.o(i.unLockBikeCommand2)
    i.unLockBikeCommand3                     0x08007ff8   Section        0  controller.o(i.unLockBikeCommand3)
    i.update_offset                          0x0800802e   Section        0  cjson.o(i.update_offset)
    update_offset                            0x0800802f   Thumb Code    36  cjson.o(i.update_offset)
    i.utf16_literal_to_utf8                  0x08008052   Section        0  cjson.o(i.utf16_literal_to_utf8)
    utf16_literal_to_utf8                    0x08008053   Thumb Code   300  cjson.o(i.utf16_literal_to_utf8)
    .constdata                               0x0800817e   Section      129  ctype_o.o(.constdata)
    .constdata                               0x08008200   Section        4  ctype_o.o(.constdata)
    table                                    0x08008200   Data           4  ctype_o.o(.constdata)
    [Anonymous Symbol]                       0x08008208   Section        0  uECC.o(.rodata)
    RC                                       0x08008208   Data         192  uECC.o(.rodata)
    curve_secp256k1                          0x080082c8   Data         180  uECC.o(.rodata)
    curve_secp192r1                          0x0800837c   Data         180  uECC.o(.rodata)
    curve_secp224r1                          0x08008430   Data         180  uECC.o(.rodata)
    curve_secp256r1                          0x080084e4   Data         180  uECC.o(.rodata)
    curve_secp160r1                          0x08008598   Data         180  uECC.o(.rodata)
    [Anonymous Symbol]                       0x08008a4c   Section        0  uECC.o(.rodata.str1.1)
    .data                                    0x20000000   Section       20  stm32f10x_rcc.o(.data)
    APBAHBPrescTable                         0x20000000   Data          16  stm32f10x_rcc.o(.data)
    ADCPrescTable                            0x20000010   Data           4  stm32f10x_rcc.o(.data)
    .data                                    0x20000014   Section        3  serial.o(.data)
    RxState                                  0x20000015   Data           1  serial.o(.data)
    pRxPacket                                0x20000016   Data           1  serial.o(.data)
    .data                                    0x20000018   Section       24  ad.o(.data)
    .data                                    0x20000030   Section       20  bluetooth.o(.data)
    .data                                    0x20000044   Section        1  battery.o(.data)
    .data                                    0x20000048   Section        4  flash.o(.data)
    .data                                    0x2000004c   Section       20  main.o(.data)
    .data                                    0x20000060   Section       20  cjson.o(.data)
    global_error                             0x20000060   Data           8  cjson.o(.data)
    global_hooks                             0x20000068   Data          12  cjson.o(.data)
    .data                                    0x20000074   Section        4  mvars.o(.data)
    .data                                    0x20000078   Section        4  mvars.o(.data)
    .data                                    0x2000007c   Section        4  errno.o(.data)
    _errno                                   0x2000007c   Data           4  errno.o(.data)
    .bss                                     0x20000080   Section     1000  serial.o(.bss)
    .bss                                     0x20000468   Section     4346  bluetooth.o(.bss)
    .bss                                     0x20001562   Section       72  battery.o(.bss)
    .bss                                     0x200015aa   Section     1204  flash.o(.bss)
    [Anonymous Symbol]                       0x20001a60   Section        0  uECC.o(.bss)
    g_rng_function                           0x20001a60   Data           4  uECC.o(.bss)
    HEAP                                     0x20001a68   Section     3072  startup_stm32f10x_md.o(HEAP)
    STACK                                    0x20002668   Section     3072  startup_stm32f10x_md.o(STACK)

    Global Symbols

    Symbol Name                              Value     Ov Type        Size  Object(Section)

    BuildAttributes$$THM_ISAv4$P$D$K$B$S$PE$A:L22UL41UL21$X:L11$S22US41US21$IEEE1$IW$USESV6$~STKCKD$USESV7$~SHL$OTIME$ROPI$IEEEX$EBA8$MICROLIB$REQ8$PRES8$EABIv2 0x00000000   Number         0  anon$$obj.o ABSOLUTE
    __ARM_use_no_argv                        0x00000000   Number         0  main.o ABSOLUTE
    _printf_a                                0x00000000   Number         0  stubs.o ABSOLUTE
    _printf_c                                0x00000000   Number         0  stubs.o ABSOLUTE
    _printf_charcount                        0x00000000   Number         0  stubs.o ABSOLUTE
    _printf_d                                0x00000000   Number         0  stubs.o ABSOLUTE
    _printf_e                                0x00000000   Number         0  stubs.o ABSOLUTE
    _printf_f                                0x00000000   Number         0  stubs.o ABSOLUTE
    _printf_flags                            0x00000000   Number         0  stubs.o ABSOLUTE
    _printf_fp_dec                           0x00000000   Number         0  stubs.o ABSOLUTE
    _printf_fp_hex                           0x00000000   Number         0  stubs.o ABSOLUTE
    _printf_g                                0x00000000   Number         0  stubs.o ABSOLUTE
    _printf_i                                0x00000000   Number         0  stubs.o ABSOLUTE
    _printf_int_dec                          0x00000000   Number         0  stubs.o ABSOLUTE
    _printf_l                                0x00000000   Number         0  stubs.o ABSOLUTE
    _printf_lc                               0x00000000   Number         0  stubs.o ABSOLUTE
    _printf_ll                               0x00000000   Number         0  stubs.o ABSOLUTE
    _printf_lld                              0x00000000   Number         0  stubs.o ABSOLUTE
    _printf_lli                              0x00000000   Number         0  stubs.o ABSOLUTE
    _printf_llo                              0x00000000   Number         0  stubs.o ABSOLUTE
    _printf_llu                              0x00000000   Number         0  stubs.o ABSOLUTE
    _printf_llx                              0x00000000   Number         0  stubs.o ABSOLUTE
    _printf_longlong_dec                     0x00000000   Number         0  stubs.o ABSOLUTE
    _printf_longlong_hex                     0x00000000   Number         0  stubs.o ABSOLUTE
    _printf_longlong_oct                     0x00000000   Number         0  stubs.o ABSOLUTE
    _printf_ls                               0x00000000   Number         0  stubs.o ABSOLUTE
    _printf_mbtowc                           0x00000000   Number         0  stubs.o ABSOLUTE
    _printf_n                                0x00000000   Number         0  stubs.o ABSOLUTE
    _printf_o                                0x00000000   Number         0  stubs.o ABSOLUTE
    _printf_p                                0x00000000   Number         0  stubs.o ABSOLUTE
    _printf_percent                          0x00000000   Number         0  stubs.o ABSOLUTE
    _printf_pre_padding                      0x00000000   Number         0  stubs.o ABSOLUTE
    _printf_return_value                     0x00000000   Number         0  stubs.o ABSOLUTE
    _printf_s                                0x00000000   Number         0  stubs.o ABSOLUTE
    _printf_sizespec                         0x00000000   Number         0  stubs.o ABSOLUTE
    _printf_str                              0x00000000   Number         0  stubs.o ABSOLUTE
    _printf_truncate_signed                  0x00000000   Number         0  stubs.o ABSOLUTE
    _printf_truncate_unsigned                0x00000000   Number         0  stubs.o ABSOLUTE
    _printf_u                                0x00000000   Number         0  stubs.o ABSOLUTE
    _printf_wc                               0x00000000   Number         0  stubs.o ABSOLUTE
    _printf_wctomb                           0x00000000   Number         0  stubs.o ABSOLUTE
    _printf_widthprec                        0x00000000   Number         0  stubs.o ABSOLUTE
    _printf_x                                0x00000000   Number         0  stubs.o ABSOLUTE
    __cpp_initialize__aeabi_                  - Undefined Weak Reference
    __cxa_finalize                            - Undefined Weak Reference
    __decompress                              - Undefined Weak Reference
    _clock_init                               - Undefined Weak Reference
    _microlib_exit                            - Undefined Weak Reference
    _scanf_int                                - Undefined Weak Reference
    _scanf_longlong                           - Undefined Weak Reference
    _scanf_string                             - Undefined Weak Reference
    __Vectors_Size                           0x000000ec   Number         0  startup_stm32f10x_md.o ABSOLUTE
    __Vectors                                0x08000000   Data           4  startup_stm32f10x_md.o(RESET)
    __Vectors_End                            0x080000ec   Data           0  startup_stm32f10x_md.o(RESET)
    __main                                   0x080000ed   Thumb Code     0  entry.o(.ARM.Collect$$$$00000000)
    _main_stk                                0x080000ed   Thumb Code     0  entry2.o(.ARM.Collect$$$$00000001)
    _main_scatterload                        0x080000f1   Thumb Code     0  entry5.o(.ARM.Collect$$$$00000004)
    __main_after_scatterload                 0x080000f5   Thumb Code     0  entry5.o(.ARM.Collect$$$$00000004)
    _main_clock                              0x080000f5   Thumb Code     0  entry7b.o(.ARM.Collect$$$$00000008)
    _main_cpp_init                           0x080000f5   Thumb Code     0  entry8b.o(.ARM.Collect$$$$0000000A)
    _main_init                               0x080000f5   Thumb Code     0  entry9a.o(.ARM.Collect$$$$0000000B)
    __rt_final_cpp                           0x080000fd   Thumb Code     0  entry10a.o(.ARM.Collect$$$$0000000D)
    __rt_final_exit                          0x080000fd   Thumb Code     0  entry11a.o(.ARM.Collect$$$$0000000F)
    Reset_Handler                            0x08000101   Thumb Code     8  startup_stm32f10x_md.o(.text)
    ADC1_2_IRQHandler                        0x0800011b   Thumb Code     0  startup_stm32f10x_md.o(.text)
    CAN1_RX1_IRQHandler                      0x0800011b   Thumb Code     0  startup_stm32f10x_md.o(.text)
    CAN1_SCE_IRQHandler                      0x0800011b   Thumb Code     0  startup_stm32f10x_md.o(.text)
    DMA1_Channel1_IRQHandler                 0x0800011b   Thumb Code     0  startup_stm32f10x_md.o(.text)
    DMA1_Channel2_IRQHandler                 0x0800011b   Thumb Code     0  startup_stm32f10x_md.o(.text)
    DMA1_Channel3_IRQHandler                 0x0800011b   Thumb Code     0  startup_stm32f10x_md.o(.text)
    DMA1_Channel4_IRQHandler                 0x0800011b   Thumb Code     0  startup_stm32f10x_md.o(.text)
    DMA1_Channel5_IRQHandler                 0x0800011b   Thumb Code     0  startup_stm32f10x_md.o(.text)
    DMA1_Channel6_IRQHandler                 0x0800011b   Thumb Code     0  startup_stm32f10x_md.o(.text)
    DMA1_Channel7_IRQHandler                 0x0800011b   Thumb Code     0  startup_stm32f10x_md.o(.text)
    EXTI0_IRQHandler                         0x0800011b   Thumb Code     0  startup_stm32f10x_md.o(.text)
    EXTI15_10_IRQHandler                     0x0800011b   Thumb Code     0  startup_stm32f10x_md.o(.text)
    EXTI1_IRQHandler                         0x0800011b   Thumb Code     0  startup_stm32f10x_md.o(.text)
    EXTI2_IRQHandler                         0x0800011b   Thumb Code     0  startup_stm32f10x_md.o(.text)
    EXTI3_IRQHandler                         0x0800011b   Thumb Code     0  startup_stm32f10x_md.o(.text)
    EXTI4_IRQHandler                         0x0800011b   Thumb Code     0  startup_stm32f10x_md.o(.text)
    EXTI9_5_IRQHandler                       0x0800011b   Thumb Code     0  startup_stm32f10x_md.o(.text)
    FLASH_IRQHandler                         0x0800011b   Thumb Code     0  startup_stm32f10x_md.o(.text)
    I2C1_ER_IRQHandler                       0x0800011b   Thumb Code     0  startup_stm32f10x_md.o(.text)
    I2C1_EV_IRQHandler                       0x0800011b   Thumb Code     0  startup_stm32f10x_md.o(.text)
    I2C2_ER_IRQHandler                       0x0800011b   Thumb Code     0  startup_stm32f10x_md.o(.text)
    I2C2_EV_IRQHandler                       0x0800011b   Thumb Code     0  startup_stm32f10x_md.o(.text)
    PVD_IRQHandler                           0x0800011b   Thumb Code     0  startup_stm32f10x_md.o(.text)
    RCC_IRQHandler                           0x0800011b   Thumb Code     0  startup_stm32f10x_md.o(.text)
    RTCAlarm_IRQHandler                      0x0800011b   Thumb Code     0  startup_stm32f10x_md.o(.text)
    RTC_IRQHandler                           0x0800011b   Thumb Code     0  startup_stm32f10x_md.o(.text)
    SPI1_IRQHandler                          0x0800011b   Thumb Code     0  startup_stm32f10x_md.o(.text)
    SPI2_IRQHandler                          0x0800011b   Thumb Code     0  startup_stm32f10x_md.o(.text)
    TAMPER_IRQHandler                        0x0800011b   Thumb Code     0  startup_stm32f10x_md.o(.text)
    TIM1_BRK_IRQHandler                      0x0800011b   Thumb Code     0  startup_stm32f10x_md.o(.text)
    TIM1_CC_IRQHandler                       0x0800011b   Thumb Code     0  startup_stm32f10x_md.o(.text)
    TIM1_TRG_COM_IRQHandler                  0x0800011b   Thumb Code     0  startup_stm32f10x_md.o(.text)
    TIM1_UP_IRQHandler                       0x0800011b   Thumb Code     0  startup_stm32f10x_md.o(.text)
    TIM2_IRQHandler                          0x0800011b   Thumb Code     0  startup_stm32f10x_md.o(.text)
    TIM3_IRQHandler                          0x0800011b   Thumb Code     0  startup_stm32f10x_md.o(.text)
    TIM4_IRQHandler                          0x0800011b   Thumb Code     0  startup_stm32f10x_md.o(.text)
    USART2_IRQHandler                        0x0800011b   Thumb Code     0  startup_stm32f10x_md.o(.text)
    USBWakeUp_IRQHandler                     0x0800011b   Thumb Code     0  startup_stm32f10x_md.o(.text)
    USB_HP_CAN1_TX_IRQHandler                0x0800011b   Thumb Code     0  startup_stm32f10x_md.o(.text)
    USB_LP_CAN1_RX0_IRQHandler               0x0800011b   Thumb Code     0  startup_stm32f10x_md.o(.text)
    WWDG_IRQHandler                          0x0800011b   Thumb Code     0  startup_stm32f10x_md.o(.text)
    uECC_vli_add                             0x08000b9b   Thumb Code    94  uECC.o(.text)
    uECC_vli_sub                             0x08000c35   Thumb Code   106  uECC.o(.text)
    uECC_vli_mult                            0x08000c9f   Thumb Code    96  uECC.o(.text)
    uECC_set_rng                             0x08000cff   Thumb Code    10  uECC.o(.text)
    uECC_get_rng                             0x08000d09   Thumb Code    12  uECC.o(.text)
    uECC_curve_private_key_size              0x08000d15   Thumb Code    16  uECC.o(.text)
    uECC_curve_public_key_size               0x08000d25   Thumb Code     8  uECC.o(.text)
    uECC_vli_clear                           0x08000d2d   Thumb Code    12  uECC.o(.text)
    uECC_vli_isZero                          0x08000dbd   Thumb Code    30  uECC.o(.text)
    uECC_vli_testBit                         0x08000ddb   Thumb Code    20  uECC.o(.text)
    uECC_vli_numBits                         0x08000e47   Thumb Code    62  uECC.o(.text)
    uECC_vli_set                             0x08000e85   Thumb Code    24  uECC.o(.text)
    uECC_vli_equal                           0x080011b5   Thumb Code    36  uECC.o(.text)
    uECC_vli_cmp                             0x080011d9   Thumb Code    50  uECC.o(.text)
    uECC_vli_rshift1                         0x0800120b   Thumb Code    26  uECC.o(.text)
    uECC_vli_square                          0x08001321   Thumb Code     8  uECC.o(.text)
    uECC_vli_modAdd                          0x08001329   Thumb Code    50  uECC.o(.text)
    uECC_vli_modSub                          0x0800135b   Thumb Code    36  uECC.o(.text)
    uECC_vli_mmod                            0x0800137f   Thumb Code   316  uECC.o(.text)
    uECC_vli_modMult                         0x080014bb   Thumb Code    36  uECC.o(.text)
    uECC_vli_modMult_fast                    0x080014df   Thumb Code    32  uECC.o(.text)
    uECC_vli_modSquare                       0x080014ff   Thumb Code    18  uECC.o(.text)
    uECC_vli_modSquare_fast                  0x08001511   Thumb Code     8  uECC.o(.text)
    uECC_vli_modInv                          0x08001b23   Thumb Code   266  uECC.o(.text)
    uECC_secp160r1                           0x08001f7f   Thumb Code    10  uECC.o(.text)
    uECC_secp192r1                           0x08001f89   Thumb Code     8  uECC.o(.text)
    uECC_secp224r1                           0x08001f91   Thumb Code     8  uECC.o(.text)
    uECC_secp256r1                           0x08001f99   Thumb Code     8  uECC.o(.text)
    uECC_secp256k1                           0x08001fa1   Thumb Code     8  uECC.o(.text)
    uECC_generate_random_int                 0x08001fa9   Thumb Code   116  uECC.o(.text)
    uECC_vli_nativeToBytes                   0x08002095   Thumb Code    36  uECC.o(.text)
    uECC_vli_bytesToNative                   0x080020b9   Thumb Code    60  uECC.o(.text)
    uECC_make_key                            0x08002319   Thumb Code   128  uECC.o(.text)
    uECC_shared_secret                       0x08002399   Thumb Code   200  uECC.o(.text)
    uECC_compress                            0x08002461   Thumb Code    42  uECC.o(.text)
    uECC_decompress                          0x0800248b   Thumb Code   110  uECC.o(.text)
    uECC_valid_point                         0x080024f9   Thumb Code   104  uECC.o(.text)
    uECC_valid_public_key                    0x08002561   Thumb Code    50  uECC.o(.text)
    uECC_compute_public_key                  0x08002593   Thumb Code   130  uECC.o(.text)
    uECC_sign_with_k                         0x08002615   Thumb Code    58  uECC.o(.text)
    uECC_sign                                0x0800264f   Thumb Code    86  uECC.o(.text)
    uECC_sign_deterministic                  0x080026a5   Thumb Code   412  uECC.o(.text)
    uECC_verify                              0x08002841   Thumb Code   720  uECC.o(.text)
    uECC_curve_num_words                     0x08002b11   Thumb Code     6  uECC.o(.text)
    uECC_curve_num_bytes                     0x08002b17   Thumb Code     6  uECC.o(.text)
    uECC_curve_num_bits                      0x08002b1d   Thumb Code     8  uECC.o(.text)
    uECC_curve_num_n_words                   0x08002b25   Thumb Code    18  uECC.o(.text)
    uECC_curve_num_n_bytes                   0x08002b37   Thumb Code    16  uECC.o(.text)
    uECC_curve_num_n_bits                    0x08002b47   Thumb Code     6  uECC.o(.text)
    uECC_curve_p                             0x08002b4d   Thumb Code     4  uECC.o(.text)
    uECC_curve_n                             0x08002b51   Thumb Code     4  uECC.o(.text)
    uECC_curve_G                             0x08002b55   Thumb Code     4  uECC.o(.text)
    uECC_curve_b                             0x08002b59   Thumb Code     4  uECC.o(.text)
    uECC_vli_mod_sqrt                        0x08002b5d   Thumb Code     6  uECC.o(.text)
    uECC_vli_mmod_fast                       0x08002b63   Thumb Code     6  uECC.o(.text)
    uECC_point_mult                          0x08002b69   Thumb Code    64  uECC.o(.text)
    H2BYTE                                   0x08002ba9   Thumb Code    98  uECC.o(.text)
    hexToBytes                               0x08002c0b   Thumb Code    96  uECC.o(.text)
    my_memset_s                              0x08002c6b   Thumb Code    30  uECC.o(.text)
    shake128                                 0x08002c89   Thumb Code    20  uECC.o(.text)
    shake256                                 0x08002c9d   Thumb Code    20  uECC.o(.text)
    sha3_224                                 0x08002cb1   Thumb Code    30  uECC.o(.text)
    sha3_256                                 0x08002ccf   Thumb Code    30  uECC.o(.text)
    sha3_384                                 0x08002ced   Thumb Code    30  uECC.o(.text)
    sha3_512                                 0x08002d0b   Thumb Code    30  uECC.o(.text)
    keccak_256                               0x08002d29   Thumb Code    30  uECC.o(.text)
    ukeccak256_init                          0x08002d47   Thumb Code    26  uECC.o(.text)
    ukeccak256_deinit                        0x08002d61   Thumb Code     2  uECC.o(.text)
    ukeccak256_update                        0x08002d63   Thumb Code    72  uECC.o(.text)
    ukeccak256_finish                        0x08002dab   Thumb Code    86  uECC.o(.text)
    ukeccak256_digest                        0x08002e01   Thumb Code    28  uECC.o(.text)
    ukeccak256                               0x08002e1d   Thumb Code    32  uECC.o(.text)
    toUtf8Bytes                              0x08002e3d   Thumb Code   156  uECC.o(.text)
    etherhash1                               0x08002ed9   Thumb Code   112  uECC.o(.text)
    Utf8len                                  0x08002f49   Thumb Code    58  uECC.o(.text)
    etherhash                                0x08002f83   Thumb Code   158  uECC.o(.text)
    keccak256                                0x08003021   Thumb Code    18  uECC.o(.text)
    calculateEthereumAddress                 0x08003033   Thumb Code   130  uECC.o(.text)
    command_verify                           0x080030b5   Thumb Code    92  uECC.o(.text)
    tolower                                  0x08003111   Thumb Code    12  tolower.o(.text)
    ___aeabi_memcpy8$ret                     0x0800311d   Thumb Code     0  memcpy.o(.text)
    __aeabi_memcpy                           0x0800311d   Thumb Code    40  memcpy.o(.text)
    __aeabi_memcpy4                          0x0800311d   Thumb Code     0  memcpy.o(.text)
    memcpy                                   0x0800311d   Thumb Code     0  memcpy.o(.text)
    __aeabi_memset                           0x08003145   Thumb Code    14  memseta.o(.text)
    __aeabi_memset4                          0x08003145   Thumb Code     0  memseta.o(.text)
    __aeabi_memset8                          0x08003145   Thumb Code     0  memseta.o(.text)
    __aeabi_memclr                           0x08003153   Thumb Code     4  memseta.o(.text)
    __aeabi_memclr4                          0x08003153   Thumb Code     0  memseta.o(.text)
    __aeabi_memclr8                          0x08003153   Thumb Code     0  memseta.o(.text)
    memset                                   0x08003157   Thumb Code    18  memseta.o(.text)
    strstr                                   0x08003169   Thumb Code    36  strstr.o(.text)
    strncpy                                  0x0800318d   Thumb Code    24  strncpy.o(.text)
    strlen                                   0x080031a5   Thumb Code    14  strlen.o(.text)
    strcmp                                   0x080031b3   Thumb Code    28  strcmp.o(.text)
    strcpy                                   0x080031cf   Thumb Code    18  strcpy.o(.text)
    strncmp                                  0x080031e1   Thumb Code    30  strncmp.o(.text)
    __0sscanf                                0x08003201   Thumb Code    48  __0sscanf.o(.text)
    _scanf_real                              0x08003361   Thumb Code     0  scanf_fp.o(.text)
    _scanf_really_real                       0x08003361   Thumb Code   556  scanf_fp.o(.text)
    strtol                                   0x08003599   Thumb Code   112  strtol.o(.text)
    __aeabi_dadd                             0x08003609   Thumb Code   322  dadd.o(.text)
    __aeabi_dsub                             0x0800374b   Thumb Code     6  dadd.o(.text)
    __aeabi_drsub                            0x08003751   Thumb Code     6  dadd.o(.text)
    __aeabi_dmul                             0x08003757   Thumb Code   228  dmul.o(.text)
    __aeabi_ddiv                             0x0800383b   Thumb Code   222  ddiv.o(.text)
    __aeabi_i2d                              0x08003919   Thumb Code    34  dflti.o(.text)
    __aeabi_ui2d                             0x0800393b   Thumb Code    26  dfltui.o(.text)
    __aeabi_d2iz                             0x08003955   Thumb Code    62  dfixi.o(.text)
    __aeabi_f2d                              0x08003993   Thumb Code    38  f2d.o(.text)
    __aeabi_cdcmpeq                          0x080039b9   Thumb Code     0  cdcmple.o(.text)
    __aeabi_cdcmple                          0x080039b9   Thumb Code    48  cdcmple.o(.text)
    __aeabi_cdrcmple                         0x080039e9   Thumb Code    48  cdrcmple.o(.text)
    __aeabi_d2f                              0x08003a19   Thumb Code    56  d2f.o(.text)
    __aeabi_uidiv                            0x08003a51   Thumb Code     0  uidiv.o(.text)
    __aeabi_uidivmod                         0x08003a51   Thumb Code    44  uidiv.o(.text)
    __aeabi_uldivmod                         0x08003a7d   Thumb Code    98  uldiv.o(.text)
    __aeabi_llsl                             0x08003adf   Thumb Code    30  llshl.o(.text)
    _ll_shift_l                              0x08003adf   Thumb Code     0  llshl.o(.text)
    __aeabi_llsr                             0x08003afd   Thumb Code    32  llushr.o(.text)
    _ll_ushift_r                             0x08003afd   Thumb Code     0  llushr.o(.text)
    __aeabi_lasr                             0x08003b1d   Thumb Code    36  llsshr.o(.text)
    _ll_sshift_r                             0x08003b1d   Thumb Code     0  llsshr.o(.text)
    __rt_ctype_table                         0x08003b41   Thumb Code     4  ctype_o.o(.text)
    isspace                                  0x08003b49   Thumb Code    18  isspace_o.o(.text)
    __vfscanf_char                           0x08003b69   Thumb Code    20  scanf_char.o(.text)
    _sgetc                                   0x08003b85   Thumb Code    30  _sgetc.o(.text)
    _sbackspace                              0x08003ba3   Thumb Code    34  _sgetc.o(.text)
    _strtoul                                 0x08003bc5   Thumb Code   158  _strtoul.o(.text)
    __strtod_int                             0x08003c9b   Thumb Code    90  strtod.o(.text)
    __I$use$fp                               0x08003d01   Thumb Code     0  iusefp.o(.text)
    _float_round                             0x08003d01   Thumb Code    18  fepilogue.o(.text)
    _float_epilogue                          0x08003d13   Thumb Code    92  fepilogue.o(.text)
    _double_round                            0x08003d6f   Thumb Code    30  depilogue.o(.text)
    _double_epilogue                         0x08003d8d   Thumb Code   156  depilogue.o(.text)
    __aeabi_ul2d                             0x08003e29   Thumb Code    24  dfltul.o(.text)
    __aeabi_d2ulz                            0x08003e41   Thumb Code    48  dfixul.o(.text)
    __scatterload                            0x08003e71   Thumb Code    28  init.o(.text)
    __scatterload_rt2                        0x08003e71   Thumb Code     0  init.o(.text)
    _chval                                   0x08003e95   Thumb Code    28  _chval.o(.text)
    __vfscanf                                0x08003eb1   Thumb Code   808  _scanf.o(.text)
    AD2_GetValue                             0x080041dd   Thumb Code    32  ad.o(i.AD2_GetValue)
    ADC_AnalogWatchdogCmd                    0x08004201   Thumb Code    16  stm32f10x_adc.o(i.ADC_AnalogWatchdogCmd)
    ADC_AnalogWatchdogSingleChannelConfig    0x08004215   Thumb Code    16  stm32f10x_adc.o(i.ADC_AnalogWatchdogSingleChannelConfig)
    ADC_AnalogWatchdogThresholdsConfig       0x08004225   Thumb Code     6  stm32f10x_adc.o(i.ADC_AnalogWatchdogThresholdsConfig)
    ADC_Cmd                                  0x0800422b   Thumb Code    22  stm32f10x_adc.o(i.ADC_Cmd)
    ADC_GetCalibrationStatus                 0x08004241   Thumb Code    20  stm32f10x_adc.o(i.ADC_GetCalibrationStatus)
    ADC_GetConversionValue                   0x08004255   Thumb Code     8  stm32f10x_adc.o(i.ADC_GetConversionValue)
    ADC_GetFlagStatus                        0x0800425d   Thumb Code    18  stm32f10x_adc.o(i.ADC_GetFlagStatus)
    ADC_GetResetCalibrationStatus            0x0800426f   Thumb Code    20  stm32f10x_adc.o(i.ADC_GetResetCalibrationStatus)
    ADC_ITConfig                             0x08004283   Thumb Code    24  stm32f10x_adc.o(i.ADC_ITConfig)
    ADC_Init                                 0x0800429d   Thumb Code    70  stm32f10x_adc.o(i.ADC_Init)
    ADC_RegularChannelConfig                 0x080042ed   Thumb Code   184  stm32f10x_adc.o(i.ADC_RegularChannelConfig)
    ADC_ResetCalibration                     0x080043a5   Thumb Code    10  stm32f10x_adc.o(i.ADC_ResetCalibration)
    ADC_SoftwareStartConvCmd                 0x080043af   Thumb Code    22  stm32f10x_adc.o(i.ADC_SoftwareStartConvCmd)
    ADC_StartCalibration                     0x080043c5   Thumb Code    10  stm32f10x_adc.o(i.ADC_StartCalibration)
    AD_Init                                  0x080043d1   Thumb Code   316  ad.o(i.AD_Init)
    BatteryLock_Reset                        0x08004521   Thumb Code    20  battery.o(i.BatteryLock_Reset)
    BatteryLock_off                          0x08004539   Thumb Code    12  battery.o(i.BatteryLock_off)
    BatteryLock_on                           0x08004549   Thumb Code    12  battery.o(i.BatteryLock_on)
    BatteryVoltage_get                       0x08004559   Thumb Code    86  ad.o(i.BatteryVoltage_get)
    Battery_Init                             0x080045c9   Thumb Code    64  battery.o(i.Battery_Init)
    Battery_lockFail                         0x0800460d   Thumb Code    10  bluetooth.o(i.Battery_lockFail)
    Battery_offNotify                        0x08004625   Thumb Code    10  bluetooth.o(i.Battery_offNotify)
    Battery_openFail                         0x0800463d   Thumb Code    10  bluetooth.o(i.Battery_openFail)
    Battery_openNotify                       0x08004655   Thumb Code    10  bluetooth.o(i.Battery_openNotify)
    BlueAT_SendData                          0x0800466d   Thumb Code    28  bluetooth.o(i.BlueAT_SendData)
    Blue_Init                                0x0800468d   Thumb Code   234  bluetooth.o(i.Blue_Init)
    Blue_check                               0x08004789   Thumb Code    30  bluetooth.o(i.Blue_check)
    BusFault_Handler                         0x080047b1   Thumb Code     4  stm32f10x_it.o(i.BusFault_Handler)
    Check_move                               0x080047b5   Thumb Code    36  ad.o(i.Check_move)
    Controller_Init                          0x080047e5   Thumb Code    38  controller.o(i.Controller_Init)
    Controller_off                           0x08004811   Thumb Code    12  controller.o(i.Controller_off)
    Controller_on                            0x08004821   Thumb Code    12  controller.o(i.Controller_on)
    ConvertUint_time                         0x08004831   Thumb Code    22  flash.o(i.ConvertUint_time)
    CreateSendToPhoneJson                    0x08004849   Thumb Code   106  bluetooth.o(i.CreateSendToPhoneJson)
    Create_FlashStoreJson                    0x080048ed   Thumb Code   104  flash.o(i.Create_FlashStoreJson)
    Date_DeviceToPhone                       0x080049ad   Thumb Code    48  bluetooth.o(i.Date_DeviceToPhone)
    DebugMon_Handler                         0x080049dd   Thumb Code     2  stm32f10x_it.o(i.DebugMon_Handler)
    Delay_ms                                 0x080049df   Thumb Code    24  delay.o(i.Delay_ms)
    Delay_us                                 0x080049f7   Thumb Code    46  delay.o(i.Delay_us)
    DoToCommand                              0x08004a25   Thumb Code   170  bluetooth.o(i.DoToCommand)
    DoToTheseJson                            0x08004ae5   Thumb Code   144  bluetooth.o(i.DoToTheseJson)
    FLASH_ErasePage                          0x08004bbd   Thumb Code    72  stm32f10x_flash.o(i.FLASH_ErasePage)
    FLASH_GetBank1Status                     0x08004c09   Thumb Code    48  stm32f10x_flash.o(i.FLASH_GetBank1Status)
    FLASH_Lock                               0x08004c3d   Thumb Code    14  stm32f10x_flash.o(i.FLASH_Lock)
    FLASH_ProgramWord                        0x08004c51   Thumb Code   102  stm32f10x_flash.o(i.FLASH_ProgramWord)
    FLASH_Unlock                             0x08004cbd   Thumb Code    12  stm32f10x_flash.o(i.FLASH_Unlock)
    FLASH_WaitForLastOperation               0x08004cd5   Thumb Code    38  stm32f10x_flash.o(i.FLASH_WaitForLastOperation)
    Flash_Clean                              0x08004cfd   Thumb Code    38  main.o(i.Flash_Clean)
    Flash_Erase                              0x08004d2d   Thumb Code    20  flash.o(i.Flash_Erase)
    Flash_Register                           0x08004d41   Thumb Code   138  flash.o(i.Flash_Register)
    Flash_Write                              0x08004de1   Thumb Code    24  flash.o(i.Flash_Write)
    Flash_WriteString                        0x08004df9   Thumb Code    36  flash.o(i.Flash_WriteString)
    GPIO_Init                                0x08004e1d   Thumb Code   278  stm32f10x_gpio.o(i.GPIO_Init)
    GPIO_ReadInputDataBit                    0x08004f33   Thumb Code    18  stm32f10x_gpio.o(i.GPIO_ReadInputDataBit)
    GPIO_ResetBits                           0x08004f45   Thumb Code     4  stm32f10x_gpio.o(i.GPIO_ResetBits)
    GPIO_SetBits                             0x08004f49   Thumb Code     4  stm32f10x_gpio.o(i.GPIO_SetBits)
    GetUniqueID                              0x08004f4d   Thumb Code    58  battery.o(i.GetUniqueID)
    Get_BatteryLockState                     0x08004fb5   Thumb Code    34  battery.o(i.Get_BatteryLockState)
    HardFault_Handler                        0x08004fe5   Thumb Code     4  stm32f10x_it.o(i.HardFault_Handler)
    MemManage_Handler                        0x08004fe9   Thumb Code     4  stm32f10x_it.o(i.MemManage_Handler)
    NMI_Handler                              0x08004fed   Thumb Code     2  stm32f10x_it.o(i.NMI_Handler)
    NVIC_Init                                0x08004ff1   Thumb Code   100  misc.o(i.NVIC_Init)
    NVIC_PriorityGroupConfig                 0x08005061   Thumb Code    10  misc.o(i.NVIC_PriorityGroupConfig)
    NormalOperationFlag                      0x08005075   Thumb Code    10  bluetooth.o(i.NormalOperationFlag)
    PendSV_Handler                           0x08005089   Thumb Code     2  stm32f10x_it.o(i.PendSV_Handler)
    RCC_ADCCLKConfig                         0x0800508d   Thumb Code    18  stm32f10x_rcc.o(i.RCC_ADCCLKConfig)
    RCC_APB1PeriphClockCmd                   0x080050a5   Thumb Code    26  stm32f10x_rcc.o(i.RCC_APB1PeriphClockCmd)
    RCC_APB2PeriphClockCmd                   0x080050c5   Thumb Code    26  stm32f10x_rcc.o(i.RCC_APB2PeriphClockCmd)
    RCC_GetClocksFreq                        0x080050e5   Thumb Code   192  stm32f10x_rcc.o(i.RCC_GetClocksFreq)
    Read_FLASH                               0x080051b9   Thumb Code    48  flash.o(i.Read_FLASH)
    SVC_Handler                              0x080051f1   Thumb Code     2  stm32f10x_it.o(i.SVC_Handler)
    Save_NowFlash                            0x080051f5   Thumb Code   186  flash.o(i.Save_NowFlash)
    Send_AT_Command                          0x080052d1   Thumb Code    34  bluetooth.o(i.Send_AT_Command)
    Send_CurrentRotate                       0x080052f5   Thumb Code    18  ad.o(i.Send_CurrentRotate)
    Serial_Init                              0x08005311   Thumb Code   174  serial.o(i.Serial_Init)
    Serial_SendArray                         0x080053c9   Thumb Code    26  serial.o(i.Serial_SendArray)
    Serial_SendByte                          0x080053e5   Thumb Code    28  serial.o(i.Serial_SendByte)
    Store_Init                               0x080054ed   Thumb Code    46  flash.o(i.Store_Init)
    SysTick_Handler                          0x0800552d   Thumb Code     2  stm32f10x_it.o(i.SysTick_Handler)
    SystemInit                               0x08005531   Thumb Code    78  system_stm32f10x.o(i.SystemInit)
    USART1_IRQHandler                        0x08005591   Thumb Code   140  serial.o(i.USART1_IRQHandler)
    USART3_IRQHandler                        0x08005631   Thumb Code   166  bluetooth.o(i.USART3_IRQHandler)
    USART_ClearITPendingBit                  0x08005709   Thumb Code    30  stm32f10x_usart.o(i.USART_ClearITPendingBit)
    USART_Cmd                                0x08005727   Thumb Code    24  stm32f10x_usart.o(i.USART_Cmd)
    USART_GetFlagStatus                      0x0800573f   Thumb Code    26  stm32f10x_usart.o(i.USART_GetFlagStatus)
    USART_GetITStatus                        0x08005759   Thumb Code    84  stm32f10x_usart.o(i.USART_GetITStatus)
    USART_ITConfig                           0x080057ad   Thumb Code    74  stm32f10x_usart.o(i.USART_ITConfig)
    USART_Init                               0x080057f9   Thumb Code   210  stm32f10x_usart.o(i.USART_Init)
    USART_ReceiveData                        0x080058d1   Thumb Code    10  stm32f10x_usart.o(i.USART_ReceiveData)
    USART_SendData                           0x080058db   Thumb Code     8  stm32f10x_usart.o(i.USART_SendData)
    Update_Store_DeviceName                  0x080058e5   Thumb Code   100  flash.o(i.Update_Store_DeviceName)
    Update_Store_TimeStamp                   0x08005959   Thumb Code   100  flash.o(i.Update_Store_TimeStamp)
    UsageFault_Handler                       0x080059d1   Thumb Code     4  stm32f10x_it.o(i.UsageFault_Handler)
    Verify_Time                              0x080059d5   Thumb Code    38  bluetooth.o(i.Verify_Time)
    Verify_UUID                              0x08005a01   Thumb Code    22  bluetooth.o(i.Verify_UUID)
    __0snprintf                              0x08005a1d   Thumb Code    44  printfa.o(i.__0snprintf)
    __1snprintf                              0x08005a1d   Thumb Code     0  printfa.o(i.__0snprintf)
    __2snprintf                              0x08005a1d   Thumb Code     0  printfa.o(i.__0snprintf)
    __c89snprintf                            0x08005a1d   Thumb Code     0  printfa.o(i.__0snprintf)
    snprintf                                 0x08005a1d   Thumb Code     0  printfa.o(i.__0snprintf)
    __0sprintf                               0x08005a4d   Thumb Code    34  printfa.o(i.__0sprintf)
    __1sprintf                               0x08005a4d   Thumb Code     0  printfa.o(i.__0sprintf)
    __2sprintf                               0x08005a4d   Thumb Code     0  printfa.o(i.__0sprintf)
    __c89sprintf                             0x08005a4d   Thumb Code     0  printfa.o(i.__0sprintf)
    sprintf                                  0x08005a4d   Thumb Code     0  printfa.o(i.__0sprintf)
    __aeabi_errno_addr                       0x08005a75   Thumb Code     4  errno.o(i.__aeabi_errno_addr)
    __rt_errno_addr                          0x08005a75   Thumb Code     0  errno.o(i.__aeabi_errno_addr)
    free                                     0x08005a7d   Thumb Code    88  mallocr.o(i.__free$realloc)
    malloc                                   0x08005ad9   Thumb Code    64  mallocr.o(i.__malloc$realloc)
    __scatterload_copy                       0x08005b29   Thumb Code    14  handlers.o(i.__scatterload_copy)
    __scatterload_null                       0x08005b37   Thumb Code     2  handlers.o(i.__scatterload_null)
    __scatterload_zeroinit                   0x08005b39   Thumb Code    14  handlers.o(i.__scatterload_zeroinit)
    _is_digit                                0x08005ccd   Thumb Code    14  scanf_fp.o(i._is_digit)
    beep                                     0x080064db   Thumb Code    46  beep.o(i.beep)
    beep_Init                                0x08006509   Thumb Code    38  beep.o(i.beep_Init)
    beep_lock                                0x08006535   Thumb Code    64  beep.o(i.beep_lock)
    beep_off                                 0x08006575   Thumb Code    12  beep.o(i.beep_off)
    beep_on                                  0x08006585   Thumb Code    12  beep.o(i.beep_on)
    beep_unlock                              0x08006595   Thumb Code    64  beep.o(i.beep_unlock)
    cJSON_AddStringToObject                  0x0800661d   Thumb Code    48  cjson.o(i.cJSON_AddStringToObject)
    cJSON_CreateObject                       0x08006651   Thumb Code    20  cjson.o(i.cJSON_CreateObject)
    cJSON_CreateString                       0x08006669   Thumb Code    46  cjson.o(i.cJSON_CreateString)
    cJSON_Delete                             0x0800669d   Thumb Code    92  cjson.o(i.cJSON_Delete)
    cJSON_GetErrorPtr                        0x080066fd   Thumb Code    12  cjson.o(i.cJSON_GetErrorPtr)
    cJSON_GetObjectItem                      0x0800670d   Thumb Code    18  cjson.o(i.cJSON_GetObjectItem)
    cJSON_IsString                           0x0800671f   Thumb Code    22  cjson.o(i.cJSON_IsString)
    cJSON_Parse                              0x0800674f   Thumb Code    16  cjson.o(i.cJSON_Parse)
    cJSON_ParseWithLengthOpts                0x08006761   Thumb Code   204  cjson.o(i.cJSON_ParseWithLengthOpts)
    cJSON_ParseWithOpts                      0x08006835   Thumb Code    40  cjson.o(i.cJSON_ParseWithOpts)
    cJSON_Print                              0x0800685d   Thumb Code    16  cjson.o(i.cJSON_Print)
    cJSON_ReplaceItemInObject                0x08006871   Thumb Code    22  cjson.o(i.cJSON_ReplaceItemInObject)
    cJSON_ReplaceItemViaPointer              0x08006887   Thumb Code   100  cjson.o(i.cJSON_ReplaceItemViaPointer)
    cJSON_free                               0x080068ed   Thumb Code    16  cjson.o(i.cJSON_free)
    changeDeviceName                         0x08006985   Thumb Code   112  battery.o(i.changeDeviceName)
    checkBatteryCommand                      0x08006a31   Thumb Code    56  battery.o(i.checkBatteryCommand)
    main                                     0x08006c45   Thumb Code   492  main.o(i.main)
    parse_ALLJSON                            0x08006e51   Thumb Code   248  bluetooth.o(i.parse_ALLJSON)
    parse_FLASHJSON                          0x08006f79   Thumb Code   246  flash.o(i.parse_FLASHJSON)
    read_Flash                               0x08007e1d   Thumb Code     6  flash.o(i.read_Flash)
    realloc                                  0x08007e25   Thumb Code   102  mallocr.o(i.realloc)
    sendBatteryLockState                     0x08007ef1   Thumb Code    40  battery.o(i.sendBatteryLockState)
    strtod                                   0x08007f71   Thumb Code    28  strtod.o(i.strtod)
    unLockBikeCommand1                       0x08007f93   Thumb Code    48  controller.o(i.unLockBikeCommand1)
    unLockBikeCommand2                       0x08007fc3   Thumb Code    54  controller.o(i.unLockBikeCommand2)
    unLockBikeCommand3                       0x08007ff9   Thumb Code    54  controller.o(i.unLockBikeCommand3)
    __ctype_table                            0x0800817e   Data         129  ctype_o.o(.constdata)
    Region$$Table$$Base                      0x08008a54   Number         0  anon$$obj.o(Region$$Table)
    Region$$Table$$Limit                     0x08008a74   Number         0  anon$$obj.o(Region$$Table)
    Serial_RxFlag                            0x20000014   Data           1  serial.o(.data)
    ADValue                                  0x20000018   Data           2  ad.o(.data)
    Rotate_Counter                           0x2000001c   Data           4  ad.o(.data)
    Site_move                                0x20000020   Data           4  ad.o(.data)
    CheckHelp                                0x20000024   Data           2  ad.o(.data)
    BatteryVoltage                           0x20000028   Data           4  ad.o(.data)
    if_up                                    0x2000002c   Data           4  ad.o(.data)
    Tooth_Flag                               0x20000030   Data           4  bluetooth.o(.data)
    canDOACommand                            0x20000034   Data           4  bluetooth.o(.data)
    usingStamp                               0x20000038   Data           4  bluetooth.o(.data)
    bufferIndex1                             0x2000003c   Data           2  bluetooth.o(.data)
    index1                                   0x2000003e   Data           2  bluetooth.o(.data)
    SureDeviceName                           0x20000040   Data           4  bluetooth.o(.data)
    LastlyPinState                           0x20000044   Data           1  battery.o(.data)
    ifHaveSuperUser                          0x20000048   Data           4  flash.o(.data)
    check_tooth                              0x2000004c   Data           4  main.o(.data)
    BikeLock_number                          0x20000050   Data           4  main.o(.data)
    BatteryLock_number                       0x20000054   Data           4  main.o(.data)
    NoMoveFlag                               0x20000058   Data           4  main.o(.data)
    NeedClean                                0x2000005c   Data           4  main.o(.data)
    __microlib_freelist                      0x20000074   Data           4  mvars.o(.data)
    __microlib_freelist_initialised          0x20000078   Data           4  mvars.o(.data)
    Serial_RxPacket                          0x20000080   Data        1000  serial.o(.bss)
    Command                                  0x20000468   Data         200  bluetooth.o(.bss)
    PubKey                                   0x20000530   Data         512  bluetooth.o(.bss)
    Signature                                0x20000730   Data         512  bluetooth.o(.bss)
    Address                                  0x20000930   Data          50  bluetooth.o(.bss)
    recievedJson                             0x20000962   Data        1024  bluetooth.o(.bss)
    Get_Recieved                             0x20000d62   Data        1024  bluetooth.o(.bss)
    receivedata1                             0x20001162   Data        1024  bluetooth.o(.bss)
    UUID                                     0x20001562   Data          30  battery.o(.bss)
    UUiD                                     0x20001580   Data          30  battery.o(.bss)
    Name                                     0x2000159e   Data          12  battery.o(.bss)
    Flash_store                              0x200015aa   Data        1024  flash.o(.bss)
    SuperUserAddress                         0x200019aa   Data          50  flash.o(.bss)
    Flash_Address                            0x200019dc   Data          50  flash.o(.bss)
    Flash_TimeStamp                          0x20001a0e   Data          30  flash.o(.bss)
    Flash_UserChat                           0x20001a2c   Data          30  flash.o(.bss)
    Flash_UserPhone                          0x20001a4a   Data          20  flash.o(.bss)
    __heap_base                              0x20001a68   Data           0  startup_stm32f10x_md.o(HEAP)
    __heap_limit                             0x20002668   Data           0  startup_stm32f10x_md.o(HEAP)
    __initial_sp                             0x20003268   Data           0  startup_stm32f10x_md.o(STACK)



==============================================================================

Memory Map of the image

  Image Entry point : 0x080000ed

  Load Region LR_IROM1 (Base: 0x08000000, Size: 0x00008af4, Max: 0x00010000, ABSOLUTE)

    Execution Region ER_IROM1 (Exec base: 0x08000000, Load base: 0x08000000, Size: 0x00008a74, Max: 0x00010000, ABSOLUTE)

    Exec Addr    Load Addr    Size         Type   Attr      Idx    E Section Name        Object

    0x08000000   0x08000000   0x000000ec   Data   RO            3    RESET               startup_stm32f10x_md.o
    0x080000ec   0x080000ec   0x00000000   Code   RO         4545  * .ARM.Collect$$$$00000000  mc_w.l(entry.o)
    0x080000ec   0x080000ec   0x00000004   Code   RO         4891    .ARM.Collect$$$$00000001  mc_w.l(entry2.o)
    0x080000f0   0x080000f0   0x00000004   Code   RO         4894    .ARM.Collect$$$$00000004  mc_w.l(entry5.o)
    0x080000f4   0x080000f4   0x00000000   Code   RO         4896    .ARM.Collect$$$$00000008  mc_w.l(entry7b.o)
    0x080000f4   0x080000f4   0x00000000   Code   RO         4898    .ARM.Collect$$$$0000000A  mc_w.l(entry8b.o)
    0x080000f4   0x080000f4   0x00000008   Code   RO         4899    .ARM.Collect$$$$0000000B  mc_w.l(entry9a.o)
    0x080000fc   0x080000fc   0x00000000   Code   RO         4901    .ARM.Collect$$$$0000000D  mc_w.l(entry10a.o)
    0x080000fc   0x080000fc   0x00000000   Code   RO         4903    .ARM.Collect$$$$0000000F  mc_w.l(entry11a.o)
    0x080000fc   0x080000fc   0x00000004   Code   RO         4892    .ARM.Collect$$$$00002712  mc_w.l(entry2.o)
    0x08000100   0x08000100   0x00000024   Code   RO            4    .text               startup_stm32f10x_md.o
    0x08000124   0x08000124   0x0000000c   PAD
    0x08000130   0x08000130   0x00002fe0   Code   RO         4536    .text               libecc.a(uECC.o)
    0x08003110   0x08003110   0x0000000c   Code   RO         4548    .text               mc_w.l(tolower.o)
    0x0800311c   0x0800311c   0x00000028   Code   RO         4550    .text               mc_w.l(memcpy.o)
    0x08003144   0x08003144   0x00000024   Code   RO         4556    .text               mc_w.l(memseta.o)
    0x08003168   0x08003168   0x00000024   Code   RO         4558    .text               mc_w.l(strstr.o)
    0x0800318c   0x0800318c   0x00000018   Code   RO         4560    .text               mc_w.l(strncpy.o)
    0x080031a4   0x080031a4   0x0000000e   Code   RO         4562    .text               mc_w.l(strlen.o)
    0x080031b2   0x080031b2   0x0000001c   Code   RO         4564    .text               mc_w.l(strcmp.o)
    0x080031ce   0x080031ce   0x00000012   Code   RO         4566    .text               mc_w.l(strcpy.o)
    0x080031e0   0x080031e0   0x0000001e   Code   RO         4568    .text               mc_w.l(strncmp.o)
    0x080031fe   0x080031fe   0x00000002   PAD
    0x08003200   0x08003200   0x00000038   Code   RO         4863    .text               mc_w.l(__0sscanf.o)
    0x08003238   0x08003238   0x00000360   Code   RO         4865    .text               mc_w.l(scanf_fp.o)
    0x08003598   0x08003598   0x00000070   Code   RO         4869    .text               mc_w.l(strtol.o)
    0x08003608   0x08003608   0x0000014e   Code   RO         4871    .text               mf_w.l(dadd.o)
    0x08003756   0x08003756   0x000000e4   Code   RO         4873    .text               mf_w.l(dmul.o)
    0x0800383a   0x0800383a   0x000000de   Code   RO         4875    .text               mf_w.l(ddiv.o)
    0x08003918   0x08003918   0x00000022   Code   RO         4877    .text               mf_w.l(dflti.o)
    0x0800393a   0x0800393a   0x0000001a   Code   RO         4879    .text               mf_w.l(dfltui.o)
    0x08003954   0x08003954   0x0000003e   Code   RO         4881    .text               mf_w.l(dfixi.o)
    0x08003992   0x08003992   0x00000026   Code   RO         4883    .text               mf_w.l(f2d.o)
    0x080039b8   0x080039b8   0x00000030   Code   RO         4885    .text               mf_w.l(cdcmple.o)
    0x080039e8   0x080039e8   0x00000030   Code   RO         4887    .text               mf_w.l(cdrcmple.o)
    0x08003a18   0x08003a18   0x00000038   Code   RO         4889    .text               mf_w.l(d2f.o)
    0x08003a50   0x08003a50   0x0000002c   Code   RO         4906    .text               mc_w.l(uidiv.o)
    0x08003a7c   0x08003a7c   0x00000062   Code   RO         4908    .text               mc_w.l(uldiv.o)
    0x08003ade   0x08003ade   0x0000001e   Code   RO         4910    .text               mc_w.l(llshl.o)
    0x08003afc   0x08003afc   0x00000020   Code   RO         4912    .text               mc_w.l(llushr.o)
    0x08003b1c   0x08003b1c   0x00000024   Code   RO         4914    .text               mc_w.l(llsshr.o)
    0x08003b40   0x08003b40   0x00000008   Code   RO         4916    .text               mc_w.l(ctype_o.o)
    0x08003b48   0x08003b48   0x00000012   Code   RO         4938    .text               mc_w.l(isspace_o.o)
    0x08003b5a   0x08003b5a   0x00000002   PAD
    0x08003b5c   0x08003b5c   0x00000028   Code   RO         4953    .text               mc_w.l(scanf_char.o)
    0x08003b84   0x08003b84   0x00000040   Code   RO         4955    .text               mc_w.l(_sgetc.o)
    0x08003bc4   0x08003bc4   0x0000009e   Code   RO         4957    .text               mc_w.l(_strtoul.o)
    0x08003c62   0x08003c62   0x00000002   PAD
    0x08003c64   0x08003c64   0x0000009c   Code   RO         4959    .text               mc_w.l(strtod.o)
    0x08003d00   0x08003d00   0x00000000   Code   RO         4961    .text               mc_w.l(iusefp.o)
    0x08003d00   0x08003d00   0x0000006e   Code   RO         4962    .text               mf_w.l(fepilogue.o)
    0x08003d6e   0x08003d6e   0x000000ba   Code   RO         4964    .text               mf_w.l(depilogue.o)
    0x08003e28   0x08003e28   0x00000018   Code   RO         4966    .text               mf_w.l(dfltul.o)
    0x08003e40   0x08003e40   0x00000030   Code   RO         4968    .text               mf_w.l(dfixul.o)
    0x08003e70   0x08003e70   0x00000024   Code   RO         4970    .text               mc_w.l(init.o)
    0x08003e94   0x08003e94   0x0000001c   Code   RO         4974    .text               mc_w.l(_chval.o)
    0x08003eb0   0x08003eb0   0x0000032c   Code   RO         4976    .text               mc_w.l(_scanf.o)
    0x080041dc   0x080041dc   0x00000024   Code   RO         3292    i.AD2_GetValue      ad.o
    0x08004200   0x08004200   0x00000014   Code   RO          196    i.ADC_AnalogWatchdogCmd  stm32f10x_adc.o
    0x08004214   0x08004214   0x00000010   Code   RO          197    i.ADC_AnalogWatchdogSingleChannelConfig  stm32f10x_adc.o
    0x08004224   0x08004224   0x00000006   Code   RO          198    i.ADC_AnalogWatchdogThresholdsConfig  stm32f10x_adc.o
    0x0800422a   0x0800422a   0x00000016   Code   RO          202    i.ADC_Cmd           stm32f10x_adc.o
    0x08004240   0x08004240   0x00000014   Code   RO          210    i.ADC_GetCalibrationStatus  stm32f10x_adc.o
    0x08004254   0x08004254   0x00000008   Code   RO          211    i.ADC_GetConversionValue  stm32f10x_adc.o
    0x0800425c   0x0800425c   0x00000012   Code   RO          213    i.ADC_GetFlagStatus  stm32f10x_adc.o
    0x0800426e   0x0800426e   0x00000014   Code   RO          216    i.ADC_GetResetCalibrationStatus  stm32f10x_adc.o
    0x08004282   0x08004282   0x00000018   Code   RO          219    i.ADC_ITConfig      stm32f10x_adc.o
    0x0800429a   0x0800429a   0x00000002   PAD
    0x0800429c   0x0800429c   0x00000050   Code   RO          220    i.ADC_Init          stm32f10x_adc.o
    0x080042ec   0x080042ec   0x000000b8   Code   RO          224    i.ADC_RegularChannelConfig  stm32f10x_adc.o
    0x080043a4   0x080043a4   0x0000000a   Code   RO          225    i.ADC_ResetCalibration  stm32f10x_adc.o
    0x080043ae   0x080043ae   0x00000016   Code   RO          227    i.ADC_SoftwareStartConvCmd  stm32f10x_adc.o
    0x080043c4   0x080043c4   0x0000000a   Code   RO          229    i.ADC_StartCalibration  stm32f10x_adc.o
    0x080043ce   0x080043ce   0x00000002   PAD
    0x080043d0   0x080043d0   0x00000150   Code   RO         3293    i.AD_Init           ad.o
    0x08004520   0x08004520   0x00000018   Code   RO         3491    i.BatteryLock_Reset  battery.o
    0x08004538   0x08004538   0x00000010   Code   RO         3492    i.BatteryLock_off   battery.o
    0x08004548   0x08004548   0x00000010   Code   RO         3493    i.BatteryLock_on    battery.o
    0x08004558   0x08004558   0x00000070   Code   RO         3294    i.BatteryVoltage_get  ad.o
    0x080045c8   0x080045c8   0x00000044   Code   RO         3494    i.Battery_Init      battery.o
    0x0800460c   0x0800460c   0x00000018   Code   RO         3350    i.Battery_lockFail  bluetooth.o
    0x08004624   0x08004624   0x00000018   Code   RO         3351    i.Battery_offNotify  bluetooth.o
    0x0800463c   0x0800463c   0x00000018   Code   RO         3352    i.Battery_openFail  bluetooth.o
    0x08004654   0x08004654   0x00000018   Code   RO         3353    i.Battery_openNotify  bluetooth.o
    0x0800466c   0x0800466c   0x00000020   Code   RO         3354    i.BlueAT_SendData   bluetooth.o
    0x0800468c   0x0800468c   0x000000fc   Code   RO         3355    i.Blue_Init         bluetooth.o
    0x08004788   0x08004788   0x00000028   Code   RO         3356    i.Blue_check        bluetooth.o
    0x080047b0   0x080047b0   0x00000004   Code   RO         3804    i.BusFault_Handler  stm32f10x_it.o
    0x080047b4   0x080047b4   0x00000030   Code   RO         3295    i.Check_move        ad.o
    0x080047e4   0x080047e4   0x0000002c   Code   RO         3562    i.Controller_Init   controller.o
    0x08004810   0x08004810   0x00000010   Code   RO         3563    i.Controller_off    controller.o
    0x08004820   0x08004820   0x00000010   Code   RO         3564    i.Controller_on     controller.o
    0x08004830   0x08004830   0x00000016   Code   RO         3650    i.ConvertUint_time  flash.o
    0x08004846   0x08004846   0x00000002   PAD
    0x08004848   0x08004848   0x000000a4   Code   RO         3357    i.CreateSendToPhoneJson  bluetooth.o
    0x080048ec   0x080048ec   0x000000c0   Code   RO         3651    i.Create_FlashStoreJson  flash.o
    0x080049ac   0x080049ac   0x00000030   Code   RO         3358    i.Date_DeviceToPhone  bluetooth.o
    0x080049dc   0x080049dc   0x00000002   Code   RO         3805    i.DebugMon_Handler  stm32f10x_it.o
    0x080049de   0x080049de   0x00000018   Code   RO         3196    i.Delay_ms          delay.o
    0x080049f6   0x080049f6   0x0000002e   Code   RO         3198    i.Delay_us          delay.o
    0x08004a24   0x08004a24   0x000000c0   Code   RO         3359    i.DoToCommand       bluetooth.o
    0x08004ae4   0x08004ae4   0x000000d8   Code   RO         3360    i.DoToTheseJson     bluetooth.o
    0x08004bbc   0x08004bbc   0x0000004c   Code   RO         1046    i.FLASH_ErasePage   stm32f10x_flash.o
    0x08004c08   0x08004c08   0x00000034   Code   RO         1047    i.FLASH_GetBank1Status  stm32f10x_flash.o
    0x08004c3c   0x08004c3c   0x00000014   Code   RO         1056    i.FLASH_Lock        stm32f10x_flash.o
    0x08004c50   0x08004c50   0x0000006c   Code   RO         1061    i.FLASH_ProgramWord  stm32f10x_flash.o
    0x08004cbc   0x08004cbc   0x00000018   Code   RO         1064    i.FLASH_Unlock      stm32f10x_flash.o
    0x08004cd4   0x08004cd4   0x00000026   Code   RO         1068    i.FLASH_WaitForLastOperation  stm32f10x_flash.o
    0x08004cfa   0x08004cfa   0x00000002   PAD
    0x08004cfc   0x08004cfc   0x00000030   Code   RO         3757    i.Flash_Clean       main.o
    0x08004d2c   0x08004d2c   0x00000014   Code   RO         3652    i.Flash_Erase       flash.o
    0x08004d40   0x08004d40   0x000000a0   Code   RO         3653    i.Flash_Register    flash.o
    0x08004de0   0x08004de0   0x00000018   Code   RO         3654    i.Flash_Write       flash.o
    0x08004df8   0x08004df8   0x00000024   Code   RO         3655    i.Flash_WriteString  flash.o
    0x08004e1c   0x08004e1c   0x00000116   Code   RO         1347    i.GPIO_Init         stm32f10x_gpio.o
    0x08004f32   0x08004f32   0x00000012   Code   RO         1351    i.GPIO_ReadInputDataBit  stm32f10x_gpio.o
    0x08004f44   0x08004f44   0x00000004   Code   RO         1354    i.GPIO_ResetBits    stm32f10x_gpio.o
    0x08004f48   0x08004f48   0x00000004   Code   RO         1355    i.GPIO_SetBits      stm32f10x_gpio.o
    0x08004f4c   0x08004f4c   0x00000068   Code   RO         3495    i.GetUniqueID       battery.o
    0x08004fb4   0x08004fb4   0x00000030   Code   RO         3496    i.Get_BatteryLockState  battery.o
    0x08004fe4   0x08004fe4   0x00000004   Code   RO         3806    i.HardFault_Handler  stm32f10x_it.o
    0x08004fe8   0x08004fe8   0x00000004   Code   RO         3807    i.MemManage_Handler  stm32f10x_it.o
    0x08004fec   0x08004fec   0x00000002   Code   RO         3808    i.NMI_Handler       stm32f10x_it.o
    0x08004fee   0x08004fee   0x00000002   PAD
    0x08004ff0   0x08004ff0   0x00000070   Code   RO          137    i.NVIC_Init         misc.o
    0x08005060   0x08005060   0x00000014   Code   RO          138    i.NVIC_PriorityGroupConfig  misc.o
    0x08005074   0x08005074   0x00000014   Code   RO         3361    i.NormalOperationFlag  bluetooth.o
    0x08005088   0x08005088   0x00000002   Code   RO         3809    i.PendSV_Handler    stm32f10x_it.o
    0x0800508a   0x0800508a   0x00000002   PAD
    0x0800508c   0x0800508c   0x00000018   Code   RO         1773    i.RCC_ADCCLKConfig  stm32f10x_rcc.o
    0x080050a4   0x080050a4   0x00000020   Code   RO         1775    i.RCC_APB1PeriphClockCmd  stm32f10x_rcc.o
    0x080050c4   0x080050c4   0x00000020   Code   RO         1777    i.RCC_APB2PeriphClockCmd  stm32f10x_rcc.o
    0x080050e4   0x080050e4   0x000000d4   Code   RO         1785    i.RCC_GetClocksFreq  stm32f10x_rcc.o
    0x080051b8   0x080051b8   0x00000038   Code   RO         3656    i.Read_FLASH        flash.o
    0x080051f0   0x080051f0   0x00000002   Code   RO         3810    i.SVC_Handler       stm32f10x_it.o
    0x080051f2   0x080051f2   0x00000002   PAD
    0x080051f4   0x080051f4   0x000000dc   Code   RO         3657    i.Save_NowFlash     flash.o
    0x080052d0   0x080052d0   0x00000022   Code   RO         3362    i.Send_AT_Command   bluetooth.o
    0x080052f2   0x080052f2   0x00000002   PAD
    0x080052f4   0x080052f4   0x0000001c   Code   RO         3296    i.Send_CurrentRotate  ad.o
    0x08005310   0x08005310   0x000000b8   Code   RO         3220    i.Serial_Init       serial.o
    0x080053c8   0x080053c8   0x0000001a   Code   RO         3223    i.Serial_SendArray  serial.o
    0x080053e2   0x080053e2   0x00000002   PAD
    0x080053e4   0x080053e4   0x00000020   Code   RO         3224    i.Serial_SendByte   serial.o
    0x08005404   0x08005404   0x00000008   Code   RO           24    i.SetSysClock       system_stm32f10x.o
    0x0800540c   0x0800540c   0x000000e0   Code   RO           25    i.SetSysClockTo72   system_stm32f10x.o
    0x080054ec   0x080054ec   0x00000040   Code   RO         3658    i.Store_Init        flash.o
    0x0800552c   0x0800552c   0x00000002   Code   RO         3811    i.SysTick_Handler   stm32f10x_it.o
    0x0800552e   0x0800552e   0x00000002   PAD
    0x08005530   0x08005530   0x00000060   Code   RO           27    i.SystemInit        system_stm32f10x.o
    0x08005590   0x08005590   0x000000a0   Code   RO         3227    i.USART1_IRQHandler  serial.o
    0x08005630   0x08005630   0x000000d8   Code   RO         3363    i.USART3_IRQHandler  bluetooth.o
    0x08005708   0x08005708   0x0000001e   Code   RO         2957    i.USART_ClearITPendingBit  stm32f10x_usart.o
    0x08005726   0x08005726   0x00000018   Code   RO         2960    i.USART_Cmd         stm32f10x_usart.o
    0x0800573e   0x0800573e   0x0000001a   Code   RO         2963    i.USART_GetFlagStatus  stm32f10x_usart.o
    0x08005758   0x08005758   0x00000054   Code   RO         2964    i.USART_GetITStatus  stm32f10x_usart.o
    0x080057ac   0x080057ac   0x0000004a   Code   RO         2966    i.USART_ITConfig    stm32f10x_usart.o
    0x080057f6   0x080057f6   0x00000002   PAD
    0x080057f8   0x080057f8   0x000000d8   Code   RO         2967    i.USART_Init        stm32f10x_usart.o
    0x080058d0   0x080058d0   0x0000000a   Code   RO         2974    i.USART_ReceiveData  stm32f10x_usart.o
    0x080058da   0x080058da   0x00000008   Code   RO         2977    i.USART_SendData    stm32f10x_usart.o
    0x080058e2   0x080058e2   0x00000002   PAD
    0x080058e4   0x080058e4   0x00000074   Code   RO         3660    i.Update_Store_DeviceName  flash.o
    0x08005958   0x08005958   0x00000078   Code   RO         3662    i.Update_Store_TimeStamp  flash.o
    0x080059d0   0x080059d0   0x00000004   Code   RO         3812    i.UsageFault_Handler  stm32f10x_it.o
    0x080059d4   0x080059d4   0x0000002c   Code   RO         3364    i.Verify_Time       bluetooth.o
    0x08005a00   0x08005a00   0x0000001c   Code   RO         3365    i.Verify_UUID       bluetooth.o
    0x08005a1c   0x08005a1c   0x00000030   Code   RO         4808    i.__0snprintf       mc_w.l(printfa.o)
    0x08005a4c   0x08005a4c   0x00000028   Code   RO         4809    i.__0sprintf        mc_w.l(printfa.o)
    0x08005a74   0x08005a74   0x00000008   Code   RO         4946    i.__aeabi_errno_addr  mc_w.l(errno.o)
    0x08005a7c   0x08005a7c   0x0000005c   Code   RO         4839    i.__free$realloc    mc_w.l(mallocr.o)
    0x08005ad8   0x08005ad8   0x00000050   Code   RO         4840    i.__malloc$realloc  mc_w.l(mallocr.o)
    0x08005b28   0x08005b28   0x0000000e   Code   RO         4983    i.__scatterload_copy  mc_w.l(handlers.o)
    0x08005b36   0x08005b36   0x00000002   Code   RO         4984    i.__scatterload_null  mc_w.l(handlers.o)
    0x08005b38   0x08005b38   0x0000000e   Code   RO         4985    i.__scatterload_zeroinit  mc_w.l(handlers.o)
    0x08005b46   0x08005b46   0x00000002   PAD
    0x08005b48   0x08005b48   0x00000184   Code   RO         4814    i._fp_digits        mc_w.l(printfa.o)
    0x08005ccc   0x08005ccc   0x0000000e   Code   RO         4867    i._is_digit         mc_w.l(scanf_fp.o)
    0x08005cda   0x08005cda   0x00000002   PAD
    0x08005cdc   0x08005cdc   0x000006dc   Code   RO         4815    i._printf_core      mc_w.l(printfa.o)
    0x080063b8   0x080063b8   0x00000024   Code   RO         4816    i._printf_post_padding  mc_w.l(printfa.o)
    0x080063dc   0x080063dc   0x0000002e   Code   RO         4817    i._printf_pre_padding  mc_w.l(printfa.o)
    0x0800640a   0x0800640a   0x00000016   Code   RO         4818    i._snputc           mc_w.l(printfa.o)
    0x08006420   0x08006420   0x0000000a   Code   RO         4819    i._sputc            mc_w.l(printfa.o)
    0x0800642a   0x0800642a   0x00000036   Code   RO         3867    i.add_item_to_array  cjson.o
    0x08006460   0x08006460   0x0000007a   Code   RO         3868    i.add_item_to_object  cjson.o
    0x080064da   0x080064da   0x0000002e   Code   RO         3608    i.beep              beep.o
    0x08006508   0x08006508   0x0000002c   Code   RO         3609    i.beep_Init         beep.o
    0x08006534   0x08006534   0x00000040   Code   RO         3610    i.beep_lock         beep.o
    0x08006574   0x08006574   0x00000010   Code   RO         3611    i.beep_off          beep.o
    0x08006584   0x08006584   0x00000010   Code   RO         3612    i.beep_on           beep.o
    0x08006594   0x08006594   0x00000040   Code   RO         3613    i.beep_unlock       beep.o
    0x080065d4   0x080065d4   0x00000048   Code   RO         3869    i.buffer_skip_whitespace  cjson.o
    0x0800661c   0x0800661c   0x00000034   Code   RO         3882    i.cJSON_AddStringToObject  cjson.o
    0x08006650   0x08006650   0x00000018   Code   RO         3894    i.cJSON_CreateObject  cjson.o
    0x08006668   0x08006668   0x00000034   Code   RO         3897    i.cJSON_CreateString  cjson.o
    0x0800669c   0x0800669c   0x00000060   Code   RO         3901    i.cJSON_Delete      cjson.o
    0x080066fc   0x080066fc   0x00000010   Code   RO         3913    i.cJSON_GetErrorPtr  cjson.o
    0x0800670c   0x0800670c   0x00000012   Code   RO         3915    i.cJSON_GetObjectItem  cjson.o
    0x0800671e   0x0800671e   0x00000016   Code   RO         3929    i.cJSON_IsString    cjson.o
    0x08006734   0x08006734   0x0000001a   Code   RO         3932    i.cJSON_New_Item    cjson.o
    0x0800674e   0x0800674e   0x00000010   Code   RO         3933    i.cJSON_Parse       cjson.o
    0x0800675e   0x0800675e   0x00000002   PAD
    0x08006760   0x08006760   0x000000d4   Code   RO         3935    i.cJSON_ParseWithLengthOpts  cjson.o
    0x08006834   0x08006834   0x00000028   Code   RO         3936    i.cJSON_ParseWithOpts  cjson.o
    0x0800685c   0x0800685c   0x00000014   Code   RO         3937    i.cJSON_Print       cjson.o
    0x08006870   0x08006870   0x00000016   Code   RO         3942    i.cJSON_ReplaceItemInObject  cjson.o
    0x08006886   0x08006886   0x00000064   Code   RO         3944    i.cJSON_ReplaceItemViaPointer  cjson.o
    0x080068ea   0x080068ea   0x00000002   PAD
    0x080068ec   0x080068ec   0x00000014   Code   RO         3948    i.cJSON_free        cjson.o
    0x08006900   0x08006900   0x00000038   Code   RO         3950    i.cJSON_strdup      cjson.o
    0x08006938   0x08006938   0x00000048   Code   RO         3951    i.case_insensitive_strcmp  cjson.o
    0x08006980   0x08006980   0x00000002   Code   RO         3952    i.cast_away_const   cjson.o
    0x08006982   0x08006982   0x00000002   PAD
    0x08006984   0x08006984   0x000000ac   Code   RO         3497    i.changeDeviceName  battery.o
    0x08006a30   0x08006a30   0x00000040   Code   RO         3498    i.checkBatteryCommand  battery.o
    0x08006a70   0x08006a70   0x00000074   Code   RO         3953    i.compare_double    cjson.o
    0x08006ae4   0x08006ae4   0x000000b8   Code   RO         3955    i.ensure            cjson.o
    0x08006b9c   0x08006b9c   0x00000004   Code   RO         3957    i.get_decimal_point  cjson.o
    0x08006ba0   0x08006ba0   0x00000052   Code   RO         3958    i.get_object_item   cjson.o
    0x08006bf2   0x08006bf2   0x00000002   PAD
    0x08006bf4   0x08006bf4   0x00000050   Code   RO         4841    i.internal_alloc    mc_w.l(mallocr.o)
    0x08006c44   0x08006c44   0x0000020c   Code   RO         3758    i.main              main.o
    0x08006e50   0x08006e50   0x00000128   Code   RO         3366    i.parse_ALLJSON     bluetooth.o
    0x08006f78   0x08006f78   0x00000140   Code   RO         3663    i.parse_FLASHJSON   flash.o
    0x080070b8   0x080070b8   0x000000f8   Code   RO         3960    i.parse_array       cjson.o
    0x080071b0   0x080071b0   0x0000005a   Code   RO         3961    i.parse_hex4        cjson.o
    0x0800720a   0x0800720a   0x00000002   PAD
    0x0800720c   0x0800720c   0x00000138   Code   RO         3962    i.parse_number      cjson.o
    0x08007344   0x08007344   0x0000014c   Code   RO         3963    i.parse_object      cjson.o
    0x08007490   0x08007490   0x0000018e   Code   RO         3964    i.parse_string      cjson.o
    0x0800761e   0x0800761e   0x00000002   PAD
    0x08007620   0x08007620   0x0000013c   Code   RO         3965    i.parse_value       cjson.o
    0x0800775c   0x0800775c   0x000000bc   Code   RO         3966    i.print             cjson.o
    0x08007818   0x08007818   0x000000b2   Code   RO         3967    i.print_array       cjson.o
    0x080078ca   0x080078ca   0x00000002   PAD
    0x080078cc   0x080078cc   0x00000154   Code   RO         3968    i.print_number      cjson.o
    0x08007a20   0x08007a20   0x00000174   Code   RO         3969    i.print_object      cjson.o
    0x08007b94   0x08007b94   0x00000010   Code   RO         3970    i.print_string      cjson.o
    0x08007ba4   0x08007ba4   0x00000174   Code   RO         3971    i.print_string_ptr  cjson.o
    0x08007d18   0x08007d18   0x00000104   Code   RO         3972    i.print_value       cjson.o
    0x08007e1c   0x08007e1c   0x00000006   Code   RO         3664    i.read_Flash        flash.o
    0x08007e22   0x08007e22   0x00000002   PAD
    0x08007e24   0x08007e24   0x0000006c   Code   RO         4842    i.realloc           mc_w.l(mallocr.o)
    0x08007e90   0x08007e90   0x00000060   Code   RO         3973    i.replace_item_in_object  cjson.o
    0x08007ef0   0x08007ef0   0x00000044   Code   RO         3499    i.sendBatteryLockState  battery.o
    0x08007f34   0x08007f34   0x0000003c   Code   RO         3976    i.skip_utf8_bom     cjson.o
    0x08007f70   0x08007f70   0x0000001c   Code   RO         4542    i.strtod            m_ws.l(strtod.o)
    0x08007f8c   0x08007f8c   0x00000006   Code   RO         3977    i.suffix_object     cjson.o
    0x08007f92   0x08007f92   0x00000030   Code   RO         3565    i.unLockBikeCommand1  controller.o
    0x08007fc2   0x08007fc2   0x00000036   Code   RO         3566    i.unLockBikeCommand2  controller.o
    0x08007ff8   0x08007ff8   0x00000036   Code   RO         3567    i.unLockBikeCommand3  controller.o
    0x0800802e   0x0800802e   0x00000024   Code   RO         3978    i.update_offset     cjson.o
    0x08008052   0x08008052   0x0000012c   Code   RO         3979    i.utf16_literal_to_utf8  cjson.o
    0x0800817e   0x0800817e   0x00000081   Data   RO         4917    .constdata          mc_w.l(ctype_o.o)
    0x080081ff   0x080081ff   0x00000001   PAD
    0x08008200   0x08008200   0x00000004   Data   RO         4918    .constdata          mc_w.l(ctype_o.o)
    0x08008204   0x08008204   0x00000004   PAD
    0x08008208   0x08008208   0x00000844   Data   RO         4540    .rodata             libecc.a(uECC.o)
    0x08008a4c   0x08008a4c   0x00000008   Data   RO         4539    .rodata.str1.1      libecc.a(uECC.o)
    0x08008a54   0x08008a54   0x00000020   Data   RO         4981    Region$$Table       anon$$obj.o


    Execution Region RW_IRAM1 (Exec base: 0x20000000, Load base: 0x08008a74, Size: 0x00003268, Max: 0x00005000, ABSOLUTE)

    Exec Addr    Load Addr    Size         Type   Attr      Idx    E Section Name        Object

    0x20000000   0x08008a74   0x00000014   Data   RW         1805    .data               stm32f10x_rcc.o
    0x20000014   0x08008a88   0x00000003   Data   RW         3230    .data               serial.o
    0x20000017   0x08008a8b   0x00000001   PAD
    0x20000018   0x08008a8c   0x00000018   Data   RW         3297    .data               ad.o
    0x20000030   0x08008aa4   0x00000014   Data   RW         3368    .data               bluetooth.o
    0x20000044   0x08008ab8   0x00000001   Data   RW         3501    .data               battery.o
    0x20000045   0x08008ab9   0x00000003   PAD
    0x20000048   0x08008abc   0x00000004   Data   RW         3666    .data               flash.o
    0x2000004c   0x08008ac0   0x00000014   Data   RW         3759    .data               main.o
    0x20000060   0x08008ad4   0x00000014   Data   RW         3981    .data               cjson.o
    0x20000074   0x08008ae8   0x00000004   Data   RW         4944    .data               mc_w.l(mvars.o)
    0x20000078   0x08008aec   0x00000004   Data   RW         4945    .data               mc_w.l(mvars.o)
    0x2000007c   0x08008af0   0x00000004   Data   RW         4949    .data               mc_w.l(errno.o)
    0x20000080        -       0x000003e8   Zero   RW         3229    .bss                serial.o
    0x20000468        -       0x000010fa   Zero   RW         3367    .bss                bluetooth.o
    0x20001562        -       0x00000048   Zero   RW         3500    .bss                battery.o
    0x200015aa        -       0x000004b4   Zero   RW         3665    .bss                flash.o
    0x20001a5e   0x08008af4   0x00000002   PAD
    0x20001a60        -       0x00000004   Zero   RW         4538    .bss                libecc.a(uECC.o)
    0x20001a64   0x08008af4   0x00000004   PAD
    0x20001a68        -       0x00000c00   Zero   RW            2    HEAP                startup_stm32f10x_md.o
    0x20002668        -       0x00000c00   Zero   RW            1    STACK               startup_stm32f10x_md.o


==============================================================================

Image component sizes


      Code (inc. data)   RO Data    RW Data    ZI Data      Debug   Object Name

       560         72          0         24          0       3278   ad.o
       580        172          0          1         72       5123   battery.o
       250         14          0          0          0       3066   beep.o
      1678        360          0         20       4346      14063   bluetooth.o
      5420        174          0         20          0      37486   cjson.o
       232         14          0          0          0       2710   controller.o
         0          0          0          0          0       4508   core_cm3.o
        70          0          0          0          0        874   delay.o
      1356        280          0          4       1204      10330   flash.o
       572         42          0         20          0       1659   main.o
       132         22          0          0          0     213603   misc.o
       402         34          0          3       1000       2819   serial.o
        36          8        236          0       6144        788   startup_stm32f10x_md.o
       460         14          0          0          0      20177   stm32f10x_adc.o
       318         32          0          0          0      10686   stm32f10x_flash.o
       304          0          0          0          0      11628   stm32f10x_gpio.o
        26          0          0          0          0       3494   stm32f10x_it.o
       300         38          0         20          0      13293   stm32f10x_rcc.o
       472          6          0          0          0      12215   stm32f10x_usart.o
       328         28          0          0          0      24705   system_stm32f10x.o

    ----------------------------------------------------------------------
     13548       1322        268        116      12768     396505   Object Totals
         0          0         32          0          0          0   (incl. Generated)
        52         12          0          4          2          0   (incl. Padding)

    ----------------------------------------------------------------------

      Code (inc. data)   RO Data    RW Data    ZI Data      Debug   Library Member Name

     12256        108       2124          0          4          0   uECC.o
        28          0          0          0          0         80   strtod.o
        56          8          0          0          0         84   __0sscanf.o
        28          0          0          0          0         68   _chval.o
       812          4          0          0          0        112   _scanf.o
        64          0          0          0          0         84   _sgetc.o
       158          0          0          0          0         92   _strtoul.o
         8          4        133          0          0         68   ctype_o.o
         0          0          0          0          0          0   entry.o
         0          0          0          0          0          0   entry10a.o
         0          0          0          0          0          0   entry11a.o
         8          4          0          0          0          0   entry2.o
         4          0          0          0          0          0   entry5.o
         0          0          0          0          0          0   entry7b.o
         0          0          0          0          0          0   entry8b.o
         8          4          0          0          0          0   entry9a.o
         8          4          0          4          0         68   errno.o
        30          0          0          0          0          0   handlers.o
        36          8          0          0          0         68   init.o
        18          0          0          0          0         76   isspace_o.o
         0          0          0          0          0          0   iusefp.o
        30          0          0          0          0         68   llshl.o
        36          0          0          0          0         68   llsshr.o
        32          0          0          0          0         68   llushr.o
       360         30          0          0          0        356   mallocr.o
        40          0          0          0          0         76   memcpy.o
        36          0          0          0          0        108   memseta.o
         0          0          0          8          0          0   mvars.o
      2346         90          0          0          0        672   printfa.o
        40          8          0          0          0         84   scanf_char.o
       878         12          0          0          0        216   scanf_fp.o
        28          0          0          0          0         76   strcmp.o
        18          0          0          0          0         68   strcpy.o
        14          0          0          0          0         68   strlen.o
        30          0          0          0          0         80   strncmp.o
        24          0          0          0          0         76   strncpy.o
        36          0          0          0          0         80   strstr.o
       156         12          0          0          0        120   strtod.o
       112          0          0          0          0         88   strtol.o
        12          0          0          0          0         68   tolower.o
        44          0          0          0          0         80   uidiv.o
        98          0          0          0          0         92   uldiv.o
        48          0          0          0          0         68   cdcmple.o
        48          0          0          0          0         68   cdrcmple.o
        56          0          0          0          0         88   d2f.o
       334          0          0          0          0        148   dadd.o
       222          0          0          0          0        100   ddiv.o
       186          0          0          0          0        176   depilogue.o
        62          0          0          0          0         80   dfixi.o
        48          0          0          0          0         68   dfixul.o
        34          0          0          0          0         76   dflti.o
        26          0          0          0          0         76   dfltui.o
        24          0          0          0          0         76   dfltul.o
       228          0          0          0          0         96   dmul.o
        38          0          0          0          0         68   f2d.o
       110          0          0          0          0        168   fepilogue.o

    ----------------------------------------------------------------------
     19366        296       2262         12          8       4768   Library Totals
        10          0          5          0          4          0   (incl. Padding)

    ----------------------------------------------------------------------

      Code (inc. data)   RO Data    RW Data    ZI Data      Debug   Library Name

     12256        108       2124          0          4          0   libecc.a
        28          0          0          0          0         80   m_ws.l
      5608        188        133         12          0       3332   mc_w.l
      1464          0          0          0          0       1356   mf_w.l

    ----------------------------------------------------------------------
     19366        296       2262         12          8       4768   Library Totals

    ----------------------------------------------------------------------

==============================================================================


      Code (inc. data)   RO Data    RW Data    ZI Data      Debug   

     32914       1618       2530        128      12776     390765   Grand Totals
     32914       1618       2530        128      12776     390765   ELF Image Totals
     32914       1618       2530        128          0          0   ROM Totals

==============================================================================

    Total RO  Size (Code + RO Data)                35444 (  34.61kB)
    Total RW  Size (RW Data + ZI Data)             12904 (  12.60kB)
    Total ROM Size (Code + RO Data + RW Data)      35572 (  34.74kB)

==============================================================================

